Component: ARM Compiler 5.06 update 7 (build 960) Tool: armlink [4d3601]

==============================================================================

Section Cross References

    delay.o(i.Delay) refers to delay.o(.data) for msTicks
    delay.o(i.Init_Systick) refers to aeabi_sdiv.o(.text) for __aeabi_uidivmod
    delay.o(i.Init_Systick) refers to delay.o(i.__NVIC_SetPriority) for __NVIC_SetPriority
    delay.o(i.Init_Systick) refers to system_mkl46z4.o(.data) for SystemCoreClock
    delay.o(i.SysTick_Handler) refers to delay.o(.data) for msTicks
    uart.o(i.UART_Init) refers to aeabi_sdiv.o(.text) for __aeabi_uidivmod
    uart.o(i.UART_Init) refers to system_mkl46z4.o(.data) for SystemCoreClock
    uart.o(i.UART_SendFloat) refers to _printf_percent.o(.ARM.Collect$$_printf_percent$$00000000) for _printf_percent
    uart.o(i.UART_SendFloat) refers to _printf_f.o(.ARM.Collect$$_printf_percent$$00000003) for _printf_f
    uart.o(i.UART_SendFloat) refers to printf1.o(x$fpl$printf1) for _printf_fp_dec
    uart.o(i.UART_SendFloat) refers to f2d.o(.text) for __aeabi_f2d
    uart.o(i.UART_SendFloat) refers to noretval__2sprintf.o(.text) for __2sprintf
    uart.o(i.UART_SendFloat) refers to uart.o(i.UART_SendString) for UART_SendString
    uart.o(i.UART_SendInt16) refers to _printf_percent.o(.ARM.Collect$$_printf_percent$$00000000) for _printf_percent
    uart.o(i.UART_SendInt16) refers to _printf_d.o(.ARM.Collect$$_printf_percent$$00000009) for _printf_d
    uart.o(i.UART_SendInt16) refers to _printf_dec.o(.text) for _printf_int_dec
    uart.o(i.UART_SendInt16) refers to noretval__2sprintf.o(.text) for __2sprintf
    uart.o(i.UART_SendInt16) refers to uart.o(i.UART_SendString) for UART_SendString
    uart.o(i.UART_SendString) refers to uart.o(i.UART_SendChar) for UART_SendChar
    uart.o(i.UART_SendUint8) refers to _printf_percent.o(.ARM.Collect$$_printf_percent$$00000000) for _printf_percent
    uart.o(i.UART_SendUint8) refers to _printf_u.o(.ARM.Collect$$_printf_percent$$0000000A) for _printf_u
    uart.o(i.UART_SendUint8) refers to _printf_dec.o(.text) for _printf_int_dec
    uart.o(i.UART_SendUint8) refers to noretval__2sprintf.o(.text) for __2sprintf
    uart.o(i.UART_SendUint8) refers to uart.o(i.UART_SendString) for UART_SendString
    main.o(i.main) refers to uart.o(i.UART_Init) for UART_Init
    main.o(i.main) refers to delay.o(i.Init_Systick) for Init_Systick
    main.o(i.main) refers to i2c.o(i.I2C_init) for I2C_init
    main.o(i.main) refers to mag.o(i.mag_Init) for mag_Init
    main.o(i.main) refers to delay.o(i.Delay) for Delay
    main.o(i.main) refers to mag.o(i.mag_read) for mag_read
    main.o(i.main) refers to dflti.o(.text) for __aeabi_i2d
    main.o(i.main) refers to atan2.o(i.atan2) for atan2
    main.o(i.main) refers to d2f.o(.text) for __aeabi_d2f
    main.o(i.main) refers to f2d.o(.text) for __aeabi_f2d
    main.o(i.main) refers to dmul.o(.text) for __aeabi_dmul
    main.o(i.main) refers to uart.o(i.UART_SendFloat) for UART_SendFloat
    main.o(i.main) refers to uart.o(i.UART_SendString) for UART_SendString
    mag.o(i.mag_Init) refers to i2c.o(i.I2C_write) for I2C_write
    mag.o(i.mag_Init) refers to delay.o(i.Delay) for Delay
    mag.o(i.mag_read) refers to i2c.o(i.I2C_read) for I2C_read
    mag.o(i.mag_read) refers to delay.o(i.Delay) for Delay
    mag.o(i.mag_read) refers to rt_memcpy.o(.text) for __aeabi_memcpy
    lcd.o(i.SegLCD_DisplayDecimal) refers to lcd.o(i.SegLCD_DisplayError) for SegLCD_DisplayError
    lcd.o(i.SegLCD_DisplayDecimal) refers to aeabi_sdiv.o(.text) for __aeabi_idivmod
    lcd.o(i.SegLCD_DisplayDecimal) refers to lcd.o(i.SegLCD_Set) for SegLCD_Set
    lcd.o(i.SegLCD_DisplayError) refers to lcd.o(i.SegLCD_Set) for SegLCD_Set
    lcd.o(i.SegLCD_DisplayHex) refers to lcd.o(i.SegLCD_Set) for SegLCD_Set
    lcd.o(i.SegLCD_DisplayTime) refers to lcd.o(i.SegLCD_DisplayError) for SegLCD_DisplayError
    lcd.o(i.SegLCD_DisplayTime) refers to aeabi_sdiv.o(.text) for __aeabi_idivmod
    lcd.o(i.SegLCD_DisplayTime) refers to lcd.o(i.SegLCD_Set) for SegLCD_Set
    lcd.o(i.SegLCD_Set) refers to lcd.o(i.SegLCD_DisplayError) for SegLCD_DisplayError
    lcd.o(i.SegLCD_Set) refers to lcd.o(.constdata) for LCD_Frontplane_Pin
    startup_mkl46z4.o(RESET) refers to startup_mkl46z4.o(.text) for Reset_Handler
    startup_mkl46z4.o(RESET) refers to delay.o(i.SysTick_Handler) for SysTick_Handler
    startup_mkl46z4.o(.text) refers to startup_mkl46z4.o(FlashConfig) for FlashConfig
    startup_mkl46z4.o(.text) refers to startup_mkl46z4.o(RESET) for __Vectors
    startup_mkl46z4.o(.text) refers to system_mkl46z4.o(i.SystemInit) for SystemInit
    startup_mkl46z4.o(.text) refers to __main.o(!!!main) for __main
    system_mkl46z4.o(i.SystemCoreClockUpdate) refers to aeabi_sdiv.o(.text) for __aeabi_uidivmod
    system_mkl46z4.o(i.SystemCoreClockUpdate) refers to system_mkl46z4.o(i.__ARM_common_switch8) for __ARM_common_switch8
[...]
    atan.o(i.atan) refers to dscalbn.o(.text) for __ARM_scalbn
    atan.o(i.atan) refers to ddiv.o(.text) for __aeabi_ddiv
    atan.o(i.atan) refers to dmul.o(.text) for __aeabi_dmul
    atan.o(i.atan) refers to poly.o(i.__kernel_poly) for __kernel_poly
    atan.o(i.atan) refers to atan.o(.constdata) for .constdata
    atan.o(.constdata) refers (Special) to usenofp.o(x$fpl$usenofp) for __I$use$fp
    atan_x.o(i.____softfp_atan$lsc) refers (Special) to usenofp.o(x$fpl$usenofp) for __I$use$fp
    atan_x.o(i.____softfp_atan$lsc) refers to atan_x.o(i.__atan$lsc) for __atan$lsc
    atan_x.o(i.__atan$lsc) refers (Special) to usenofp.o(x$fpl$usenofp) for __I$use$fp
    atan_x.o(i.__atan$lsc) refers to dunder.o(i.__mathlib_dbl_infnan) for __mathlib_dbl_infnan
    atan_x.o(i.__atan$lsc) refers to daddsub.o(.text) for __aeabi_dadd
    atan_x.o(i.__atan$lsc) refers to dscalbn.o(.text) for __ARM_scalbn
    atan_x.o(i.__atan$lsc) refers to ddiv.o(.text) for __aeabi_ddiv
    atan_x.o(i.__atan$lsc) refers to dmul.o(.text) for __aeabi_dmul
    atan_x.o(i.__atan$lsc) refers to poly.o(i.__kernel_poly) for __kernel_poly
    atan_x.o(i.__atan$lsc) refers to atan_x.o(.constdata) for .constdata
    atan_x.o(.constdata) refers (Special) to usenofp.o(x$fpl$usenofp) for __I$use$fp
    dunder.o(i.__mathlib_dbl_divzero) refers to ddiv.o(.text) for __aeabi_ddiv
    dunder.o(i.__mathlib_dbl_infnan) refers to dscalbn.o(.text) for __ARM_scalbn
    dunder.o(i.__mathlib_dbl_infnan2) refers to daddsub.o(.text) for __aeabi_dadd
    dunder.o(i.__mathlib_dbl_invalid) refers to ddiv.o(.text) for __aeabi_ddiv
    dunder.o(i.__mathlib_dbl_overflow) refers to dscalbn.o(.text) for __ARM_scalbn
    dunder.o(i.__mathlib_dbl_posinfnan) refers to dmul.o(.text) for __aeabi_dmul
    dunder.o(i.__mathlib_dbl_underflow) refers to dscalbn.o(.text) for __ARM_scalbn
    qnan.o(.constdata) refers (Special) to usenofp.o(x$fpl$usenofp) for __I$use$fp
    __rtentry2.o(.ARM.Collect$$rtentry$$00000008) refers to boardinit2.o(.text) for _platform_post_stackheap_init
    __rtentry2.o(.ARM.Collect$$rtentry$$0000000A) refers to libinit.o(.ARM.Collect$$libinit$$00000000) for __rt_lib_init
    __rtentry2.o(.ARM.Collect$$rtentry$$0000000B) refers to boardinit3.o(.text) for _platform_post_lib_init
    __rtentry2.o(.ARM.Collect$$rtentry$$0000000D) refers to main.o(i.main) for main
    __rtentry2.o(.ARM.Collect$$rtentry$$0000000D) refers to exit.o(.text) for exit
    __rtentry2.o(.ARM.exidx) refers to __rtentry2.o(.ARM.Collect$$rtentry$$00000001) for .ARM.Collect$$rtentry$$00000001
    __rtentry2.o(.ARM.exidx) refers to __rtentry2.o(.ARM.Collect$$rtentry$$00000008) for .ARM.Collect$$rtentry$$00000008
    __rtentry2.o(.ARM.exidx) refers to __rtentry2.o(.ARM.Collect$$rtentry$$0000000A) for .ARM.Collect$$rtentry$$0000000A
    __rtentry2.o(.ARM.exidx) refers to __rtentry2.o(.ARM.Collect$$rtentry$$0000000B) for .ARM.Collect$$rtentry$$0000000B
    __rtentry2.o(.ARM.exidx) refers to __rtentry2.o(.ARM.Collect$$rtentry$$0000000D) for .ARM.Collect$$rtentry$$0000000D
    __rtentry4.o(.ARM.Collect$$rtentry$$00000004) refers to sys_stackheap_outer.o(.text) for __user_setup_stackheap
    __rtentry4.o(.ARM.exidx) refers to __rtentry4.o(.ARM.Collect$$rtentry$$00000004) for .ARM.Collect$$rtentry$$00000004
    __rtentry7.o(.ARM.Collect$$rtentry$$00000007) refers to __rtentry7.o(.ARM.Collect$$rtentry$$00002718) for __lit__00000000
    __rtentry7.o(__vectab_stack_and_reset_2_area) refers to __main.o(!!!main) for __main
    __rtentry7.o(.ARM.exidx) refers to __rtentry7.o(.ARM.Collect$$rtentry$$00000007) for .ARM.Collect$$rtentry$$00000007
    __rtentry7.o(.ARM.exidx) refers to __rtentry7.o(.ARM.Collect$$rtentry$$00002718) for .ARM.Collect$$rtentry$$00002718
    rt_div0.o(.text) refers to defsig_fpe_outer.o(.text) for __rt_SIGFPE
    rt_locale.o(.text) refers to rt_locale.o(.bss) for __rt_locale_data
    rt_locale_intlibspace.o(.text) refers to libspace.o(.bss) for __libspace_start
    rt_errno_addr.o(.text) refers to rt_errno_addr.o(.bss) for __aeabi_errno_addr_data
    rt_errno_addr_intlibspace.o(.text) refers to libspace.o(.bss) for __libspace_start
    bigflt0.o(.text) refers (Special) to usenofp.o(x$fpl$usenofp) for __I$use$fp
    bigflt0.o(.text) refers to aeabi_sdiv.o(.text) for __aeabi_idivmod
    bigflt0.o(.text) refers to btod.o(.text) for _btod_emul
    bigflt0.o(.text) refers to bigflt0.o(.constdata) for .constdata
    bigflt0.o(.constdata) refers (Special) to usenofp.o(x$fpl$usenofp) for __I$use$fp
    btod.o(.text) refers to btod.o(i.__ARM_common_ll_muluu) for __ARM_common_ll_muluu
    lc_numeric_c.o(locale$$data) refers (Special) to libinit2.o(.ARM.Collect$$libinit$$00000016) for __rt_lib_init_lc_numeric_2
    lc_numeric_c.o(locale$$code) refers (Special) to libinit2.o(.ARM.Collect$$libinit$$00000016) for __rt_lib_init_lc_numeric_2
    lc_numeric_c.o(locale$$code) refers to strcmp.o(.text) for strcmp
    lc_numeric_c.o(locale$$code) refers to lc_numeric_c.o(locale$$data) for __lcnum_c_name
    dcmpin.o(.text) refers (Special) to usenofp.o(x$fpl$usenofp) for __I$use$fp
    dcmpin.o(.text) refers to cmpret.o(.text) for __fpl_cmpreturn
    dcmpin.o(.text) refers to dnan2.o(.text) for __fpl_dcheck_NaN2
    dscalbn.o(.text) refers (Special) to usenofp.o(x$fpl$usenofp) for __I$use$fp
    ieee_status.o(.text) refers (Special) to usenofp.o(x$fpl$usenofp) for __I$use$fp
    fpclassify.o(i.__ARM_fpclassify) refers (Special) to usenofp.o(x$fpl$usenofp) for __I$use$fp
    poly.o(i.__kernel_poly) refers (Special) to usenofp.o(x$fpl$usenofp) for __I$use$fp
    poly.o(i.__kernel_poly) refers to dmul.o(.text) for __aeabi_dmul
    poly.o(i.__kernel_poly) refers to daddsub.o(.text) for __aeabi_dadd
    libspace.o(.text) refers to libspace.o(.bss) for __libspace_start
    sys_stackheap_outer.o(.text) refers to libspace.o(.text) for __user_perproc_libspace
    sys_stackheap_outer.o(.text) refers to sys_stackheap.o(.text) for __user_initial_stackheap
    sys_stackheap_outer.o(__vectab_stack_and_reset_area) refers to tempstk.o(.text) for __temporary_stack_top
    sys_stackheap_outer.o(__vectab_stack_and_reset_area) refers to __main.o(!!!main) for __main
    exit.o(.text) refers to rtexit.o(.ARM.Collect$$rtexit$$00000000) for __rt_exit
    defsig_fpe_outer.o(.text) refers to defsig_fpe_inner.o(.text) for __rt_SIGFPE_inner
    defsig_fpe_outer.o(.text) refers to defsig_exit.o(.text) for __sig_exit
    defsig_fpe_formal.o(.text) refers to rt_raise.o(.text) for __rt_raise
    libinit.o(.ARM.Collect$$libinit$$00000000) refers (Special) to libinit2.o(.ARM.Collect$$libinit$$0000002E) for __rt_lib_init_alloca_1
    libinit.o(.ARM.Collect$$libinit$$00000000) refers (Special) to libinit2.o(.ARM.Collect$$libinit$$0000002C) for __rt_lib_init_argv_1
    libinit.o(.ARM.Collect$$libinit$$00000000) refers (Special) to libinit2.o(.ARM.Collect$$libinit$$0000001B) for __rt_lib_init_atexit_1
    libinit.o(.ARM.Collect$$libinit$$00000000) refers (Special) to libinit2.o(.ARM.Collect$$libinit$$00000021) for __rt_lib_init_clock_1
    libinit.o(.ARM.Collect$$libinit$$00000000) refers (Special) to libinit2.o(.ARM.Collect$$libinit$$00000032) for __rt_lib_init_cpp_1
    libinit.o(.ARM.Collect$$libinit$$00000000) refers (Special) to libinit2.o(.ARM.Collect$$libinit$$00000030) for __rt_lib_init_exceptions_1
    libinit.o(.ARM.Collect$$libinit$$00000000) refers (Special) to libinit2.o(.ARM.Collect$$libinit$$00000002) for __rt_lib_init_fp_1
    libinit.o(.ARM.Collect$$libinit$$00000000) refers (Special) to libinit2.o(.ARM.Collect$$libinit$$0000001F) for __rt_lib_init_fp_trap_1
    libinit.o(.ARM.Collect$$libinit$$00000000) refers (Special) to libinit2.o(.ARM.Collect$$libinit$$00000023) for __rt_lib_init_getenv_1
    libinit.o(.ARM.Collect$$libinit$$00000000) refers (Special) to libinit2.o(.ARM.Collect$$libinit$$0000000A) for __rt_lib_init_heap_1
    libinit.o(.ARM.Collect$$libinit$$00000000) refers (Special) to libinit2.o(.ARM.Collect$$libinit$$00000011) for __rt_lib_init_lc_collate_1
    libinit.o(.ARM.Collect$$libinit$$00000000) refers (Special) to libinit2.o(.ARM.Collect$$libinit$$00000013) for __rt_lib_init_lc_ctype_1
    libinit.o(.ARM.Collect$$libinit$$00000000) refers (Special) to libinit2.o(.ARM.Collect$$libinit$$00000015) for __rt_lib_init_lc_monetary_1
    libinit.o(.ARM.Collect$$libinit$$00000000) refers (Special) to libinit2.o(.ARM.Collect$$libinit$$00000017) for __rt_lib_init_lc_numeric_1
    libinit.o(.ARM.Collect$$libinit$$00000000) refers (Special) to libinit2.o(.ARM.Collect$$libinit$$00000019) for __rt_lib_init_lc_time_1
    libinit.o(.ARM.Collect$$libinit$$00000000) refers (Special) to libinit2.o(.ARM.Collect$$libinit$$00000004) for __rt_lib_init_preinit_1
    libinit.o(.ARM.Collect$$libinit$$00000000) refers (Special) to libinit2.o(.ARM.Collect$$libinit$$0000000E) for __rt_lib_init_rand_1
    libinit.o(.ARM.Collect$$libinit$$00000000) refers (Special) to libinit2.o(.ARM.Collect$$libinit$$00000033) for __rt_lib_init_return
    libinit.o(.ARM.Collect$$libinit$$00000000) refers (Special) to libinit2.o(.ARM.Collect$$libinit$$0000001D) for __rt_lib_init_signal_1
    libinit.o(.ARM.Collect$$libinit$$00000000) refers (Special) to libinit2.o(.ARM.Collect$$libinit$$00000025) for __rt_lib_init_stdio_1
    libinit.o(.ARM.Collect$$libinit$$00000000) refers (Special) to libinit2.o(.ARM.Collect$$libinit$$0000000C) for __rt_lib_init_user_alloc_1
    libinit2.o(.ARM.Collect$$libinit$$0000000F) refers (Weak) to rt_locale_intlibspace.o(.text) for __rt_locale
    libinit2.o(.ARM.Collect$$libinit$$00000010) refers to libinit2.o(.ARM.Collect$$libinit$$0000000F) for .ARM.Collect$$libinit$$0000000F
    libinit2.o(.ARM.Collect$$libinit$$00000012) refers to libinit2.o(.ARM.Collect$$libinit$$0000000F) for .ARM.Collect$$libinit$$0000000F
    libinit2.o(.ARM.Collect$$libinit$$00000014) refers to libinit2.o(.ARM.Collect$$libinit$$0000000F) for .ARM.Collect$$libinit$$0000000F
    libinit2.o(.ARM.Collect$$libinit$$00000016) refers to libinit2.o(.ARM.Collect$$libinit$$0000000F) for .ARM.Collect$$libinit$$0000000F
    libinit2.o(.ARM.Collect$$libinit$$00000016) refers (Weak) to lc_numeric_c.o(locale$$code) for _get_lc_numeric
    libinit2.o(.ARM.Collect$$libinit$$00000018) refers to libinit2.o(.ARM.Collect$$libinit$$0000000F) for .ARM.Collect$$libinit$$0000000F
    libinit2.o(.ARM.Collect$$libinit$$00000026) refers to argv_veneer.o(.text) for __ARM_argv_veneer
    libinit2.o(.ARM.Collect$$libinit$$00000027) refers to argv_veneer.o(.text) for __ARM_argv_veneer
    cmpret.o(.text) refers (Special) to usenofp.o(x$fpl$usenofp) for __I$use$fp
    dnan2.o(.text) refers (Special) to usenofp.o(x$fpl$usenofp) for __I$use$fp
    dnan2.o(.text) refers to retnan.o(.text) for __fpl_return_NaN
    sys_stackheap.o(.text) refers (Special) to indicate_semi.o(.text) for __semihosting_library_function
    sys_stackheap.o(.text) refers to use_no_semi.o(.text) for __I$use$semihosting
    rtexit.o(.ARM.Collect$$rtexit$$00000000) refers (Special) to rtexit2.o(.ARM.Collect$$rtexit$$00000004) for __rt_exit_exit
    rtexit.o(.ARM.Collect$$rtexit$$00000000) refers (Special) to rtexit2.o(.ARM.Collect$$rtexit$$00000003) for __rt_exit_ls
    rtexit.o(.ARM.Collect$$rtexit$$00000000) refers (Special) to rtexit2.o(.ARM.Collect$$rtexit$$00000002) for __rt_exit_prels_1
    rtexit.o(.ARM.exidx) refers (Special) to rtexit2.o(.ARM.Collect$$rtexit$$00000004) for __rt_exit_exit
    rtexit.o(.ARM.exidx) refers (Special) to rtexit2.o(.ARM.Collect$$rtexit$$00000003) for __rt_exit_ls
    rtexit.o(.ARM.exidx) refers (Special) to rtexit2.o(.ARM.Collect$$rtexit$$00000002) for __rt_exit_prels_1
    rtexit.o(.ARM.exidx) refers to rtexit.o(.ARM.Collect$$rtexit$$00000000) for .ARM.Collect$$rtexit$$00000000
    rt_raise.o(.text) refers to __raise.o(.text) for __raise
    rt_raise.o(.text) refers to sys_exit.o(.text) for _sys_exit
    defsig_exit.o(.text) refers to sys_exit.o(.text) for _sys_exit
    defsig_fpe_inner.o(.text) refers to defsig_general.o(.text) for __default_signal_display
    libinit5.o(.ARM.Collect$$libinit$$00000008) refers to libinit5.o(.ARM.Collect$$libinit$$00002719) for __lit__00000000
    libinit5.o(.ARM.Collect$$libinit$$0000002A) refers to libinit5.o(.ARM.Collect$$libinit$$0000273B) for __lit__00000002
    libinit5.o(.ARM.Collect$$libinit$$0000002A) refers to argv_veneer.o(.text) for __ARM_argv_veneer
    retnan.o(.text) refers (Special) to usenofp.o(x$fpl$usenofp) for __I$use$fp
    retnan.o(.text) refers to cmpret.o(.text) for __fpl_cmpreturn
    sys_exit.o(.text) refers (Special) to use_no_semi.o(.text) for __I$use$semihosting
    sys_exit.o(.text) refers (Special) to indicate_semi.o(.text) for __semihosting_library_function
    rtexit2.o(.ARM.Collect$$rtexit$$00000003) refers to libshutdown.o(.ARM.Collect$$libshutdown$$00000000) for __rt_lib_shutdown
    rtexit2.o(.ARM.Collect$$rtexit$$00000004) refers to sys_exit.o(.text) for _sys_exit
    rtexit2.o(.ARM.exidx) refers to rtexit2.o(.ARM.Collect$$rtexit$$00000001) for .ARM.Collect$$rtexit$$00000001
    rtexit2.o(.ARM.exidx) refers to rtexit2.o(.ARM.Collect$$rtexit$$00000003) for .ARM.Collect$$rtexit$$00000003
    rtexit2.o(.ARM.exidx) refers to rtexit2.o(.ARM.Collect$$rtexit$$00000004) for .ARM.Collect$$rtexit$$00000004
    __raise.o(.text) refers to defsig.o(CL$$defsig) for __default_signal_handler
    defsig_general.o(.text) refers to sys_wrch.o(.text) for _ttywrch
    _get_argv_nomalloc.o(.text) refers (Special) to hrguard.o(.text) for __heap_region$guard
    _get_argv_nomalloc.o(.text) refers to defsig_rtmem_outer.o(.text) for __rt_SIGRTMEM
    _get_argv_nomalloc.o(.text) refers to sys_command.o(.text) for _sys_command_string
    sys_wrch.o(.text) refers (Special) to use_no_semi.o(.text) for __I$use$semihosting
    sys_wrch.o(.text) refers (Special) to indicate_semi.o(.text) for __semihosting_library_function
    sys_command.o(.text) refers (Special) to use_no_semi.o(.text) for __I$use$semihosting
    sys_command.o(.text) refers (Special) to indicate_semi.o(.text) for __semihosting_library_function
    defsig_rtmem_outer.o(.text) refers to defsig_rtmem_inner.o(.text) for __rt_SIGRTMEM_inner
    defsig_rtmem_outer.o(.text) refers to defsig_exit.o(.text) for __sig_exit
    defsig_rtmem_formal.o(.text) refers to rt_raise.o(.text) for __rt_raise
    defsig.o(CL$$defsig) refers to defsig_fpe_inner.o(.text) for __rt_SIGFPE_inner
    defsig.o(CL$$defsig) refers to defsig_rtmem_inner.o(.text) for __rt_SIGRTMEM_inner
    libshutdown.o(.ARM.Collect$$libshutdown$$00000000) refers (Special) to libshutdown2.o(.ARM.Collect$$libshutdown$$00000004) for __rt_lib_shutdown_cpp_1
    libshutdown.o(.ARM.Collect$$libshutdown$$00000000) refers (Special) to libshutdown2.o(.ARM.Collect$$libshutdown$$00000002) for __rt_lib_shutdown_fini_1
    libshutdown.o(.ARM.Collect$$libshutdown$$00000000) refers (Special) to libshutdown2.o(.ARM.Collect$$libshutdown$$00000009) for __rt_lib_shutdown_fp_trap_1
    libshutdown.o(.ARM.Collect$$libshutdown$$00000000) refers (Special) to libshutdown2.o(.ARM.Collect$$libshutdown$$00000011) for __rt_lib_shutdown_heap_1
    libshutdown.o(.ARM.Collect$$libshutdown$$00000000) refers (Special) to libshutdown2.o(.ARM.Collect$$libshutdown$$00000012) for __rt_lib_shutdown_return
    libshutdown.o(.ARM.Collect$$libshutdown$$00000000) refers (Special) to libshutdown2.o(.ARM.Collect$$libshutdown$$0000000C) for __rt_lib_shutdown_signal_1
    libshutdown.o(.ARM.Collect$$libshutdown$$00000000) refers (Special) to libshutdown2.o(.ARM.Collect$$libshutdown$$00000006) for __rt_lib_shutdown_stdio_1
    libshutdown.o(.ARM.Collect$$libshutdown$$00000000) refers (Special) to libshutdown2.o(.ARM.Collect$$libshutdown$$0000000E) for __rt_lib_shutdown_user_alloc_1
    defsig_abrt_inner.o(.text) refers to defsig_general.o(.text) for __default_signal_display
    defsig_rtred_inner.o(.text) refers to defsig_general.o(.text) for __default_signal_display
    defsig_rtmem_inner.o(.text) refers to defsig_general.o(.text) for __default_signal_display
    defsig_stak_inner.o(.text) refers to defsig_general.o(.text) for __default_signal_display
    defsig_pvfn_inner.o(.text) refers to defsig_general.o(.text) for __default_signal_display
    defsig_cppl_inner.o(.text) refers to defsig_general.o(.text) for __default_signal_display
    defsig_segv_inner.o(.text) refers to defsig_general.o(.text) for __default_signal_display
    defsig_other.o(.text) refers to defsig_general.o(.text) for __default_signal_display


==============================================================================

Removing Unused input sections from the image.

    Removing i2c.o(.rev16_text), (4 bytes).
    Removing i2c.o(.revsh_text), (4 bytes).
    Removing delay.o(.rev16_text), (4 bytes).
    Removing delay.o(.revsh_text), (4 bytes).
    Removing delay.o(i.Shutdown), (20 bytes).
    Removing uart.o(.rev16_text), (4 bytes).
    Removing uart.o(.revsh_text), (4 bytes).
    Removing uart.o(i.UART_SendInt16), (28 bytes).
    Removing uart.o(i.UART_SendUint8), (28 bytes).
    Removing main.o(.rev16_text), (4 bytes).
    Removing main.o(.revsh_text), (4 bytes).
    Removing mag.o(.rev16_text), (4 bytes).
    Removing mag.o(.revsh_text), (4 bytes).
    Removing lcd.o(.rev16_text), (4 bytes).
    Removing lcd.o(.revsh_text), (4 bytes).
    Removing lcd.o(i.SegLCD_DisplayDecimal), (136 bytes).
    Removing lcd.o(i.SegLCD_DisplayError), (68 bytes).
    Removing lcd.o(i.SegLCD_DisplayHex), (56 bytes).
    Removing lcd.o(i.SegLCD_DisplayTime), (132 bytes).
    Removing lcd.o(i.SegLCD_Init), (240 bytes).
    Removing lcd.o(i.SegLCD_Set), (504 bytes).
    Removing lcd.o(.constdata), (12 bytes).
    Removing system_mkl46z4.o(.rev16_text), (4 bytes).
    Removing system_mkl46z4.o(.revsh_text), (4 bytes).
    Removing system_mkl46z4.o(i.SystemCoreClockUpdate), (400 bytes).
    Removing system_mkl46z4.o(i.__ARM_common_switch8), (28 bytes).

26 unused section(s) (total 1708 bytes) removed from the image.

==============================================================================

Image Symbol Table

    Local Symbols

    Symbol Name                              Value     Ov Type        Size  Object(Section)

    RESET                                    0x00000000   Section      192  startup_mkl46z4.o(RESET)
    ../clib/angel/boardlib.s                 0x00000000   Number         0  boardshut.o ABSOLUTE
    ../clib/angel/boardlib.s                 0x00000000   Number         0  boardinit3.o ABSOLUTE
    ../clib/angel/boardlib.s                 0x00000000   Number         0  boardinit2.o ABSOLUTE
    ../clib/angel/boardlib.s                 0x00000000   Number         0  boardinit1.o ABSOLUTE
    ../clib/angel/handlers.s                 0x00000000   Number         0  __scatter_zi.o ABSOLUTE
    ../clib/angel/handlers.s                 0x00000000   Number         0  __scatter_copy.o ABSOLUTE
    ../clib/angel/kernel.s                   0x00000000   Number         0  rtexit.o ABSOLUTE
    ../clib/angel/kernel.s                   0x00000000   Number         0  __rtentry2.o ABSOLUTE
    ../clib/angel/kernel.s                   0x00000000   Number         0  rtexit2.o ABSOLUTE
    ../clib/angel/kernel.s                   0x00000000   Number         0  __rtentry4.o ABSOLUTE
    ../clib/angel/kernel.s                   0x00000000   Number         0  __rtentry7.o ABSOLUTE
    ../clib/angel/kernel.s                   0x00000000   Number         0  __rtentry.o ABSOLUTE
    ../clib/angel/rt.s                       0x00000000   Number         0  rt_raise.o ABSOLUTE
    ../clib/angel/rt.s                       0x00000000   Number         0  aeabi_idiv0.o ABSOLUTE
    ../clib/angel/rt.s                       0x00000000   Number         0  aeabi_idiv0_sigfpe.o ABSOLUTE
    ../clib/angel/rt.s                       0x00000000   Number         0  rt_errno_addr_intlibspace.o ABSOLUTE
    ../clib/angel/rt.s                       0x00000000   Number         0  rt_errno_addr.o ABSOLUTE
    ../clib/angel/rt.s                       0x00000000   Number         0  rt_locale_intlibspace.o ABSOLUTE
    ../clib/angel/rt.s                       0x00000000   Number         0  rt_div0.o ABSOLUTE
    ../clib/angel/rt.s                       0x00000000   Number         0  rt_locale.o ABSOLUTE
    ../clib/angel/scatterp.s                 0x00000000   Number         0  __scatter.o ABSOLUTE
    ../clib/angel/startup.s                  0x00000000   Number         0  __main.o ABSOLUTE
    ../clib/angel/sys.s                      0x00000000   Number         0  libspace.o ABSOLUTE
    ../clib/angel/sys.s                      0x00000000   Number         0  sys_stackheap.o ABSOLUTE
    ../clib/angel/sys.s                      0x00000000   Number         0  tempstk.o ABSOLUTE
    ../clib/angel/sys.s                      0x00000000   Number         0  sys_stackheap_outer.o ABSOLUTE
    ../clib/angel/sys.s                      0x00000000   Number         0  indicate_semi.o ABSOLUTE
    ../clib/angel/sys.s                      0x00000000   Number         0  use_no_semi.o ABSOLUTE
    ../clib/angel/sysapp.c                   0x00000000   Number         0  sys_exit.o ABSOLUTE
    ../clib/angel/sysapp.c                   0x00000000   Number         0  sys_wrch.o ABSOLUTE
    ../clib/angel/sysapp.c                   0x00000000   Number         0  sys_command.o ABSOLUTE
    ../clib/armsys.c                         0x00000000   Number         0  no_argv.o ABSOLUTE
    ../clib/armsys.c                         0x00000000   Number         0  argv_veneer.o ABSOLUTE
    ../clib/armsys.c                         0x00000000   Number         0  _get_argv_nomalloc.o ABSOLUTE
    ../clib/bigflt.c                         0x00000000   Number         0  bigflt0.o ABSOLUTE
    ../clib/btod.c                           0x00000000   Number         0  btod.o ABSOLUTE
    ../clib/division.c                       0x00000000   Number         0  rtudiv10.o ABSOLUTE
    ../clib/division.c                       0x00000000   Number         0  lludiv10.o ABSOLUTE
    ../clib/division.s                       0x00000000   Number         0  aeabi_sdiv.o ABSOLUTE
    ../clib/division.s                       0x00000000   Number         0  aeabi_sdiv_div0.o ABSOLUTE
    ../clib/fenv.c                           0x00000000   Number         0  _rserrno.o ABSOLUTE
    ../clib/heapalloc.c                      0x00000000   Number         0  hrguard.o ABSOLUTE
    ../clib/libinit.s                        0x00000000   Number         0  libshutdown.o ABSOLUTE
    ../clib/libinit.s                        0x00000000   Number         0  libshutdown2.o ABSOLUTE
    ../clib/libinit.s                        0x00000000   Number         0  libinit5.o ABSOLUTE
    ../clib/libinit.s                        0x00000000   Number         0  libinit.o ABSOLUTE
    ../clib/libinit.s                        0x00000000   Number         0  libinit2.o ABSOLUTE
    ../clib/locale.s                         0x00000000   Number         0  lc_numeric_c.o ABSOLUTE
    ../clib/memcpset.c                       0x00000000   Number         0  rt_memcpy.o ABSOLUTE
    ../clib/memcpset.c                       0x00000000   Number         0  rt_memcpy.o ABSOLUTE
    ../clib/misc.s                           0x00000000   Number         0  printf_stubs.o ABSOLUTE
    ../clib/printf.c                         0x00000000   Number         0  __printf_flags.o ABSOLUTE
    ../clib/printf.c                         0x00000000   Number         0  __printf_flags_ss.o ABSOLUTE
    ../clib/printf.c                         0x00000000   Number         0  __printf_wp.o ABSOLUTE
    ../clib/printf.c                         0x00000000   Number         0  __printf_flags_wp.o ABSOLUTE
    ../clib/printf.c                         0x00000000   Number         0  __printf_ss_wp.o ABSOLUTE
    ../clib/printf.c                         0x00000000   Number         0  __printf_flags_ss_wp.o ABSOLUTE
    ../clib/printf.c                         0x00000000   Number         0  __printf_ss.o ABSOLUTE
    ../clib/printf.c                         0x00000000   Number         0  _printf_intcommon.o ABSOLUTE
    ../clib/printf.c                         0x00000000   Number         0  _printf_char_common.o ABSOLUTE
    ../clib/printf.c                         0x00000000   Number         0  _sputc.o ABSOLUTE
    ../clib/printf.c                         0x00000000   Number         0  _printf_fp_infnan.o ABSOLUTE
    ../clib/printf.c                         0x00000000   Number         0  __printf_nopercent.o ABSOLUTE
    ../clib/printf.c                         0x00000000   Number         0  __2sprintf.o ABSOLUTE
    ../clib/printf.c                         0x00000000   Number         0  noretval__2sprintf.o ABSOLUTE
    ../clib/printf.c                         0x00000000   Number         0  __printf.o ABSOLUTE
    ../clib/printf.c                         0x00000000   Number         0  _printf_dec.o ABSOLUTE
    ../clib/printf.c                         0x00000000   Number         0  _printf_fp_dec.o ABSOLUTE
    ../clib/printf_percent.s                 0x00000000   Number         0  _printf_d.o ABSOLUTE
    ../clib/printf_percent.s                 0x00000000   Number         0  _printf_percent.o ABSOLUTE
    ../clib/printf_percent.s                 0x00000000   Number         0  _printf_percent_end.o ABSOLUTE
    ../clib/printf_percent.s                 0x00000000   Number         0  _printf_f.o ABSOLUTE
    ../clib/printf_percent.s                 0x00000000   Number         0  _printf_u.o ABSOLUTE
    ../clib/signal.c                         0x00000000   Number         0  defsig_rtred_inner.o ABSOLUTE
    ../clib/signal.c                         0x00000000   Number         0  defsig_rtmem_inner.o ABSOLUTE
    ../clib/signal.c                         0x00000000   Number         0  defsig_fpe_outer.o ABSOLUTE
    ../clib/signal.c                         0x00000000   Number         0  defsig_stak_inner.o ABSOLUTE
    ../clib/signal.c                         0x00000000   Number         0  defsig_fpe_formal.o ABSOLUTE
    ../clib/signal.c                         0x00000000   Number         0  __raise.o ABSOLUTE
    ../clib/signal.c                         0x00000000   Number         0  defsig_pvfn_inner.o ABSOLUTE
    ../clib/signal.c                         0x00000000   Number         0  defsig_rtmem_formal.o ABSOLUTE
    ../clib/signal.c                         0x00000000   Number         0  defsig_rtmem_outer.o ABSOLUTE
    ../clib/signal.c                         0x00000000   Number         0  defsig_segv_inner.o ABSOLUTE
    ../clib/signal.c                         0x00000000   Number         0  defsig_other.o ABSOLUTE
    ../clib/signal.c                         0x00000000   Number         0  defsig_cppl_inner.o ABSOLUTE
    ../clib/signal.c                         0x00000000   Number         0  defsig_fpe_inner.o ABSOLUTE
    ../clib/signal.c                         0x00000000   Number         0  defsig_general.o ABSOLUTE
    ../clib/signal.c                         0x00000000   Number         0  defsig_exit.o ABSOLUTE
    ../clib/signal.c                         0x00000000   Number         0  defsig_abrt_inner.o ABSOLUTE
    ../clib/signal.s                         0x00000000   Number         0  defsig.o ABSOLUTE
    ../clib/stdlib.c                         0x00000000   Number         0  exit.o ABSOLUTE
    ../clib/string.c                         0x00000000   Number         0  strcmp.o ABSOLUTE
    ../fplib/cfplib/cmpret.c                 0x00000000   Number         0  cmpret.o ABSOLUTE
    ../fplib/cfplib/d2f.c                    0x00000000   Number         0  d2f.o ABSOLUTE
    ../fplib/cfplib/daddsub.c                0x00000000   Number         0  daddsub.o ABSOLUTE
    ../fplib/cfplib/dcmpin.c                 0x00000000   Number         0  dcmpin.o ABSOLUTE
    ../fplib/cfplib/ddiv.c                   0x00000000   Number         0  ddiv.o ABSOLUTE
    ../fplib/cfplib/dmul.c                   0x00000000   Number         0  dmul.o ABSOLUTE
    ../fplib/cfplib/f2d.c                    0x00000000   Number         0  f2d.o ABSOLUTE
    ../fplib/cfplib/fflt.c                   0x00000000   Number         0  dflti.o ABSOLUTE
    ../fplib/cfplib/fpinit.c                 0x00000000   Number         0  fpinit.o ABSOLUTE
    ../fplib/cfplib/ieee_status.c            0x00000000   Number         0  ieee_status.o ABSOLUTE
    ../fplib/cfplib/nan2.c                   0x00000000   Number         0  dnan2.o ABSOLUTE
    ../fplib/cfplib/retnan.c                 0x00000000   Number         0  retnan.o ABSOLUTE
    ../fplib/cfplib/scalbn.c                 0x00000000   Number         0  dscalbn.o ABSOLUTE
    ../fplib/deqf6m.s                        0x00000000   Number         0  deqf.o ABSOLUTE
    ../fplib/printf1.s                       0x00000000   Number         0  printf1.o ABSOLUTE
    ../fplib/usenofp.s                       0x00000000   Number         0  usenofp.o ABSOLUTE
    ../mathlib/atan.c                        0x00000000   Number         0  atan_x.o ABSOLUTE
    ../mathlib/atan.c                        0x00000000   Number         0  atan.o ABSOLUTE
    ../mathlib/atan2.c                       0x00000000   Number         0  atan2_x.o ABSOLUTE
    ../mathlib/atan2.c                       0x00000000   Number         0  atan2.o ABSOLUTE
    ../mathlib/dunder.c                      0x00000000   Number         0  dunder.o ABSOLUTE
    ../mathlib/fpclassify.c                  0x00000000   Number         0  fpclassify.o ABSOLUTE
    ../mathlib/poly.c                        0x00000000   Number         0  poly.o ABSOLUTE
    ../mathlib/qnan.c                        0x00000000   Number         0  qnan.o ABSOLUTE
    I2C.c                                    0x00000000   Number         0  i2c.o ABSOLUTE
    I2C.c                                    0x00000000   Number         0  i2c.o ABSOLUTE
    RTE/Device/MKL46Z256VLL4/startup_MKL46Z4.s 0x00000000   Number         0  startup_mkl46z4.o ABSOLUTE
    RTE/Device/MKL46Z256VLL4/system_MKL46Z4.c 0x00000000   Number         0  system_mkl46z4.o ABSOLUTE
    RTE\Device\MKL46Z256VLL4\system_MKL46Z4.c 0x00000000   Number         0  system_mkl46z4.o ABSOLUTE
    dc.s                                     0x00000000   Number         0  dc.o ABSOLUTE
    delay.c                                  0x00000000   Number         0  delay.o ABSOLUTE
    delay.c                                  0x00000000   Number         0  delay.o ABSOLUTE
    lcd.c                                    0x00000000   Number         0  lcd.o ABSOLUTE
    lcd.c                                    0x00000000   Number         0  lcd.o ABSOLUTE
    mag.c                                    0x00000000   Number         0  mag.o ABSOLUTE
    mag.c                                    0x00000000   Number         0  mag.o ABSOLUTE
    main.c                                   0x00000000   Number         0  main.o ABSOLUTE
    main.c                                   0x00000000   Number         0  main.o ABSOLUTE
    uart.c                                   0x00000000   Number         0  uart.o ABSOLUTE
    uart.c                                   0x00000000   Number         0  uart.o ABSOLUTE
    FlashConfig                              0x00000400   Section       16  startup_mkl46z4.o(FlashConfig)
    !!!main                                  0x00000410   Section        8  __main.o(!!!main)
    !!!scatter                               0x00000418   Section       60  __scatter.o(!!!scatter)
    !!handler_copy                           0x00000454   Section       26  __scatter_copy.o(!!handler_copy)
    !!handler_zi                             0x00000470   Section       28  __scatter_zi.o(!!handler_zi)
    .ARM.Collect$$_printf_percent$$00000000  0x0000048c   Section        2  _printf_percent.o(.ARM.Collect$$_printf_percent$$00000000)
    .ARM.Collect$$_printf_percent$$00000003  0x0000048e   Section       10  _printf_f.o(.ARM.Collect$$_printf_percent$$00000003)
    .ARM.Collect$$_printf_percent$$00000017  0x00000498   Section        4  _printf_percent_end.o(.ARM.Collect$$_printf_percent$$00000017)
    .ARM.Collect$$libinit$$00000000          0x0000049c   Section        2  libinit.o(.ARM.Collect$$libinit$$00000000)
    .ARM.Collect$$libinit$$00000002          0x0000049e   Section        0  libinit2.o(.ARM.Collect$$libinit$$00000002)
    .ARM.Collect$$libinit$$00000004          0x0000049e   Section        0  libinit2.o(.ARM.Collect$$libinit$$00000004)
    .ARM.Collect$$libinit$$0000000A          0x0000049e   Section        0  libinit2.o(.ARM.Collect$$libinit$$0000000A)
    .ARM.Collect$$libinit$$0000000C          0x0000049e   Section        0  libinit2.o(.ARM.Collect$$libinit$$0000000C)
    .ARM.Collect$$libinit$$0000000E          0x0000049e   Section        0  libinit2.o(.ARM.Collect$$libinit$$0000000E)
    .ARM.Collect$$libinit$$0000000F          0x0000049e   Section        6  libinit2.o(.ARM.Collect$$libinit$$0000000F)
    .ARM.Collect$$libinit$$00000011          0x000004a4   Section        0  libinit2.o(.ARM.Collect$$libinit$$00000011)
    .ARM.Collect$$libinit$$00000013          0x000004a4   Section        0  libinit2.o(.ARM.Collect$$libinit$$00000013)
    .ARM.Collect$$libinit$$00000015          0x000004a4   Section        0  libinit2.o(.ARM.Collect$$libinit$$00000015)
    .ARM.Collect$$libinit$$00000016          0x000004a4   Section       10  libinit2.o(.ARM.Collect$$libinit$$00000016)
    .ARM.Collect$$libinit$$00000017          0x000004ae   Section        0  libinit2.o(.ARM.Collect$$libinit$$00000017)
    .ARM.Collect$$libinit$$00000019          0x000004ae   Section        0  libinit2.o(.ARM.Collect$$libinit$$00000019)
    .ARM.Collect$$libinit$$0000001B          0x000004ae   Section        0  libinit2.o(.ARM.Collect$$libinit$$0000001B)
    .ARM.Collect$$libinit$$0000001D          0x000004ae   Section        0  libinit2.o(.ARM.Collect$$libinit$$0000001D)
    .ARM.Collect$$libinit$$0000001F          0x000004ae   Section        0  libinit2.o(.ARM.Collect$$libinit$$0000001F)
    .ARM.Collect$$libinit$$00000021          0x000004ae   Section        0  libinit2.o(.ARM.Collect$$libinit$$00000021)
    .ARM.Collect$$libinit$$00000023          0x000004ae   Section        0  libinit2.o(.ARM.Collect$$libinit$$00000023)
    .ARM.Collect$$libinit$$00000025          0x000004ae   Section        0  libinit2.o(.ARM.Collect$$libinit$$00000025)
    .ARM.Collect$$libinit$$0000002C          0x000004ae   Section        0  libinit2.o(.ARM.Collect$$libinit$$0000002C)
    .ARM.Collect$$libinit$$0000002E          0x000004ae   Section        0  libinit2.o(.ARM.Collect$$libinit$$0000002E)
    .ARM.Collect$$libinit$$00000030          0x000004ae   Section        0  libinit2.o(.ARM.Collect$$libinit$$00000030)
    .ARM.Collect$$libinit$$00000032          0x000004ae   Section        0  libinit2.o(.ARM.Collect$$libinit$$00000032)
    .ARM.Collect$$libinit$$00000033          0x000004ae   Section        2  libinit2.o(.ARM.Collect$$libinit$$00000033)
    .ARM.Collect$$libshutdown$$00000000      0x000004b0   Section        2  libshutdown.o(.ARM.Collect$$libshutdown$$00000000)
    .ARM.Collect$$libshutdown$$00000002      0x000004b2   Section        0  libshutdown2.o(.ARM.Collect$$libshutdown$$00000002)
    .ARM.Collect$$libshutdown$$00000004      0x000004b2   Section        0  libshutdown2.o(.ARM.Collect$$libshutdown$$00000004)
    .ARM.Collect$$libshutdown$$00000006      0x000004b2   Section        0  libshutdown2.o(.ARM.Collect$$libshutdown$$00000006)
    .ARM.Collect$$libshutdown$$00000009      0x000004b2   Section        0  libshutdown2.o(.ARM.Collect$$libshutdown$$00000009)
    .ARM.Collect$$libshutdown$$0000000C      0x000004b2   Section        0  libshutdown2.o(.ARM.Collect$$libshutdown$$0000000C)
    .ARM.Collect$$libshutdown$$0000000E      0x000004b2   Section        0  libshutdown2.o(.ARM.Collect$$libshutdown$$0000000E)
    .ARM.Collect$$libshutdown$$00000011      0x000004b2   Section        0  libshutdown2.o(.ARM.Collect$$libshutdown$$00000011)
    .ARM.Collect$$libshutdown$$00000012      0x000004b2   Section        2  libshutdown2.o(.ARM.Collect$$libshutdown$$00000012)
    .ARM.Collect$$rtentry$$00000000          0x000004b4   Section        0  __rtentry.o(.ARM.Collect$$rtentry$$00000000)
    .ARM.Collect$$rtentry$$00000002          0x000004b4   Section        0  __rtentry2.o(.ARM.Collect$$rtentry$$00000002)
    .ARM.Collect$$rtentry$$00000007          0x000004b4   Section        4  __rtentry7.o(.ARM.Collect$$rtentry$$00000007)
    .ARM.Collect$$rtentry$$00000009          0x000004b8   Section        0  __rtentry2.o(.ARM.Collect$$rtentry$$00000009)
    .ARM.Collect$$rtentry$$0000000A          0x000004b8   Section        4  __rtentry2.o(.ARM.Collect$$rtentry$$0000000A)
    .ARM.Collect$$rtentry$$0000000C          0x000004bc   Section        0  __rtentry2.o(.ARM.Collect$$rtentry$$0000000C)
    .ARM.Collect$$rtentry$$0000000D          0x000004bc   Section        8  __rtentry2.o(.ARM.Collect$$rtentry$$0000000D)
    .ARM.Collect$$rtentry$$00002718          0x000004c4   Section        4  __rtentry7.o(.ARM.Collect$$rtentry$$00002718)
    __lit__00000000                          0x000004c4   Data           4  __rtentry7.o(.ARM.Collect$$rtentry$$00002718)
    .ARM.Collect$$rtexit$$00000000           0x000004c8   Section        2  rtexit.o(.ARM.Collect$$rtexit$$00000000)
    .ARM.Collect$$rtexit$$00000002           0x000004ca   Section        0  rtexit2.o(.ARM.Collect$$rtexit$$00000002)
    .ARM.Collect$$rtexit$$00000003           0x000004ca   Section        4  rtexit2.o(.ARM.Collect$$rtexit$$00000003)
    .ARM.Collect$$rtexit$$00000004           0x000004ce   Section        6  rtexit2.o(.ARM.Collect$$rtexit$$00000004)
    .emb_text                                0x000004d4   Section       56  rt_memcpy.o(.emb_text)
    .text                                    0x0000050c   Section      156  startup_mkl46z4.o(.text)
    .text                                    0x000005a8   Section        0  noretval__2sprintf.o(.text)
    .text                                    0x000005d0   Section        0  __printf_wp.o(.text)
    .text                                    0x000006de   Section        0  rt_memcpy.o(.text)
    .text                                    0x00000760   Section      346  aeabi_sdiv.o(.text)
    .text                                    0x000008bc   Section        0  d2f.o(.text)
    .text                                    0x00000938   Section        0  dflti.o(.text)
    .text                                    0x00000990   Section        0  dmul.o(.text)
    .text                                    0x00000bd8   Section        0  f2d.o(.text)
    .text                                    0x00000c2c   Section        0  _rserrno.o(.text)
    .text                                    0x00000c44   Section        0  _printf_fp_dec.o(.text)
    _fp_digits                               0x00000c47   Thumb Code   412  _printf_fp_dec.o(.text)
    .text                                    0x0000105c   Section        0  _printf_char_common.o(.text)
    _printf_input_char                       0x0000105d   Thumb Code    10  _printf_char_common.o(.text)
    .text                                    0x0000108c   Section        0  _sputc.o(.text)
    .text                                    0x00001096   Section        0  rtudiv10.o(.text)
    .text                                    0x000010c0   Section        0  daddsub.o(.text)
    _dadd1                                   0x000010c1   Thumb Code   290  daddsub.o(.text)
    _dsub1                                   0x000011e3   Thumb Code   470  daddsub.o(.text)
    .text                                    0x00001418   Section        0  ddiv.o(.text)
    .text                                    0x00001860   Section        8  rt_locale_intlibspace.o(.text)
    .text                                    0x00001868   Section        8  rt_errno_addr_intlibspace.o(.text)
    .text                                    0x00001870   Section        0  lludiv10.o(.text)
    .text                                    0x000018ec   Section        0  _printf_fp_infnan.o(.text)
    .text                                    0x00001974   Section        0  bigflt0.o(.text)
    .text                                    0x00001a4c   Section        0  btod.o(.text)
    btod_internal_mul                        0x00001a8d   Thumb Code   492  btod.o(.text)
    btod_internal_div                        0x00001c79   Thumb Code   520  btod.o(.text)
    .text                                    0x00001fcc   Section        0  dcmpin.o(.text)
    .text                                    0x0000205c   Section        0  dscalbn.o(.text)
    .text                                    0x000020bc   Section        0  exit.o(.text)
    .text                                    0x000020cc   Section        0  strcmp.o(.text)
    .text                                    0x00002154   Section        0  cmpret.o(.text)
    .text                                    0x00002184   Section        0  dnan2.o(.text)
    .text                                    0x00002198   Section        0  retnan.o(.text)
    .text                                    0x000021f8   Section        0  sys_exit.o(.text)
    .text                                    0x00002204   Section        2  use_no_semi.o(.text)
    .text                                    0x00002206   Section        0  indicate_semi.o(.text)
    i.Delay                                  0x00002208   Section        0  delay.o(i.Delay)
    i.I2C_init                               0x00002220   Section        0  i2c.o(i.I2C_init)
    i.I2C_read                               0x00002288   Section        0  i2c.o(i.I2C_read)
    i.I2C_write                              0x00002364   Section        0  i2c.o(i.I2C_write)
    i.Init_Systick                           0x000023e4   Section        0  delay.o(i.Init_Systick)
    i.SysTick_Handler                        0x00002418   Section        0  delay.o(i.SysTick_Handler)
    i.SystemInit                             0x00002428   Section        0  system_mkl46z4.o(i.SystemInit)
    i.SystemInitHook                         0x0000243c   Section        0  system_mkl46z4.o(i.SystemInitHook)
    i.UART_Init                              0x00002440   Section        0  uart.o(i.UART_Init)
    i.UART_SendChar                          0x0000251c   Section        0  uart.o(i.UART_SendChar)
    i.UART_SendFloat                         0x00002534   Section        0  uart.o(i.UART_SendFloat)
    i.UART_SendString                        0x00002560   Section        0  uart.o(i.UART_SendString)
    i.__ARM_common_ll_muluu                  0x00002576   Section        0  btod.o(i.__ARM_common_ll_muluu)
    i.__ARM_fpclassify                       0x000025a8   Section        0  fpclassify.o(i.__ARM_fpclassify)
    i.__NVIC_SetPriority                     0x000025d4   Section        0  delay.o(i.__NVIC_SetPriority)
    __NVIC_SetPriority                       0x000025d5   Thumb Code   110  delay.o(i.__NVIC_SetPriority)
    i.__kernel_poly                          0x0000264c   Section        0  poly.o(i.__kernel_poly)
    i.__mathlib_dbl_infnan                   0x000026f8   Section        0  dunder.o(i.__mathlib_dbl_infnan)
    i.__mathlib_dbl_infnan2                  0x00002702   Section        0  dunder.o(i.__mathlib_dbl_infnan2)
    i.__mathlib_dbl_underflow                0x0000270c   Section        0  dunder.o(i.__mathlib_dbl_underflow)
    i._is_digit                              0x00002720   Section        0  __printf_wp.o(i._is_digit)
    i.atan                                   0x00002730   Section        0  atan.o(i.atan)
    i.atan2                                  0x0000294c   Section        0  atan2.o(i.atan2)
    i.mag_Init                               0x00002ae8   Section        0  mag.o(i.mag_Init)
    i.mag_read                               0x00002afa   Section        0  mag.o(i.mag_read)
    i.main                                   0x00002b90   Section        0  main.o(i.main)
    locale$$code                             0x00002c18   Section       44  lc_numeric_c.o(locale$$code)
    x$fpl$deqf                               0x00002c44   Section      100  deqf.o(x$fpl$deqf)
    x$fpl$printf1                            0x00002ca8   Section       16  printf1.o(x$fpl$printf1)
    .constdata                               0x00002cb8   Section      128  ddiv.o(.constdata)
    x$fpl$usenofp                            0x00002cb8   Section        0  usenofp.o(x$fpl$usenofp)
    ddiv_reciptbl                            0x00002cb8   Data         128  ddiv.o(.constdata)
    .constdata                               0x00002d38   Section      152  atan.o(.constdata)
    atanhi                                   0x00002d38   Data          32  atan.o(.constdata)
    atanlo                                   0x00002d58   Data          32  atan.o(.constdata)
    aTodd                                    0x00002d78   Data          40  atan.o(.constdata)
    aTeven                                   0x00002da0   Data          48  atan.o(.constdata)
    .constdata                               0x00002dd0   Section        8  qnan.o(.constdata)
    .constdata                               0x00002dd8   Section      148  bigflt0.o(.constdata)
    tenpwrs_x                                0x00002dd8   Data          60  bigflt0.o(.constdata)
    tenpwrs_i                                0x00002e14   Data          64  bigflt0.o(.constdata)
    locale$$data                             0x00002e8c   Section       28  lc_numeric_c.o(locale$$data)
    __lcnum_c_name                           0x00002e90   Data           2  lc_numeric_c.o(locale$$data)
    __lcnum_c_start                          0x00002e98   Data           0  lc_numeric_c.o(locale$$data)
    __lcnum_c_point                          0x00002ea4   Data           0  lc_numeric_c.o(locale$$data)
    __lcnum_c_thousands                      0x00002ea6   Data           0  lc_numeric_c.o(locale$$data)
    __lcnum_c_grouping                       0x00002ea7   Data           0  lc_numeric_c.o(locale$$data)
    __lcnum_c_end                            0x00002ea8   Data           0  lc_numeric_c.o(locale$$data)
    .data                                    0x1fffe000   Section        4  delay.o(.data)
    .data                                    0x1fffe004   Section        4  system_mkl46z4.o(.data)
    .bss                                     0x1fffe008   Section       96  libspace.o(.bss)

    Global Symbols

    Symbol Name                              Value     Ov Type        Size  Object(Section)

    BuildAttributes$$THM_ISAv3M$S$PE$A:L22$X:L11$S22$IEEE1$IW$USESV6$~STKCKD$USESV7$~SHL$OTIME$ROPI$IEEEX$EBA8$UX$STANDARDLIB$REQ8$PRES8$EABIv2 0x00000000   Number         0  anon$$obj.o ABSOLUTE
    __ARM_use_no_argv                        0x00000000   Number         0  main.o ABSOLUTE
    __Vectors                                0x00000000   Data           4  startup_mkl46z4.o(RESET)
    _printf_flags                            0x00000000   Number         0  printf_stubs.o ABSOLUTE
    _printf_return_value                     0x00000000   Number         0  printf_stubs.o ABSOLUTE
    _printf_sizespec                         0x00000000   Number         0  printf_stubs.o ABSOLUTE
    _printf_widthprec                        0x00000000   Number         0  printf_stubs.o ABSOLUTE
    Image$$ZI$$Limit                          - Undefined Weak Reference
    __ARM_exceptions_init                     - Undefined Weak Reference
    __alloca_initialize                       - Undefined Weak Reference
    __arm_fini_                               - Undefined Weak Reference
    __arm_preinit_                            - Undefined Weak Reference
    __cpp_initialize__aeabi_                  - Undefined Weak Reference
    __cxa_finalize                            - Undefined Weak Reference
    __sigvec_lookup                           - Undefined Weak Reference
    _atexit_init                              - Undefined Weak Reference
    _call_atexit_fns                          - Undefined Weak Reference
    _clock_init                               - Undefined Weak Reference
    _fp_trap_init                             - Undefined Weak Reference
    _fp_trap_shutdown                         - Undefined Weak Reference
    _get_lc_collate                           - Undefined Weak Reference
    _get_lc_ctype                             - Undefined Weak Reference
    _get_lc_monetary                          - Undefined Weak Reference
    _get_lc_time                              - Undefined Weak Reference
    _getenv_init                              - Undefined Weak Reference
    _handle_redirection                       - Undefined Weak Reference
    _init_alloc                               - Undefined Weak Reference
    _init_user_alloc                          - Undefined Weak Reference
    _initio                                   - Undefined Weak Reference
    _printf_post_padding                      - Undefined Weak Reference
    _printf_pre_padding                       - Undefined Weak Reference
    _printf_truncate_signed                   - Undefined Weak Reference
    _printf_truncate_unsigned                 - Undefined Weak Reference
    _rand_init                                - Undefined Weak Reference
    _signal_finish                            - Undefined Weak Reference
    _signal_init                              - Undefined Weak Reference
    _terminate_alloc                          - Undefined Weak Reference
    _terminate_user_alloc                     - Undefined Weak Reference
    _terminateio                              - Undefined Weak Reference
    __Vectors_End                            0x000000c0   Data           0  startup_mkl46z4.o(RESET)
    __Vectors_Size                           0x000000c0   Number         0  startup_mkl46z4.o ABSOLUTE
    __main                                   0x00000411   Thumb Code     8  __main.o(!!!main)
    __scatterload                            0x00000419   Thumb Code     0  __scatter.o(!!!scatter)
    __scatterload_rt2                        0x00000419   Thumb Code    52  __scatter.o(!!!scatter)
    __scatterload_rt2_thumb_only             0x00000419   Thumb Code     0  __scatter.o(!!!scatter)
    __scatterload_null                       0x00000429   Thumb Code     0  __scatter.o(!!!scatter)
    __scatterload_copy                       0x00000455   Thumb Code    26  __scatter_copy.o(!!handler_copy)
    __scatterload_zeroinit                   0x00000471   Thumb Code    28  __scatter_zi.o(!!handler_zi)
    _printf_percent                          0x0000048d   Thumb Code     0  _printf_percent.o(.ARM.Collect$$_printf_percent$$00000000)
    _printf_f                                0x0000048f   Thumb Code     0  _printf_f.o(.ARM.Collect$$_printf_percent$$00000003)
    _printf_percent_end                      0x00000499   Thumb Code     0  _printf_percent_end.o(.ARM.Collect$$_printf_percent$$00000017)
    __rt_lib_init                            0x0000049d   Thumb Code     0  libinit.o(.ARM.Collect$$libinit$$00000000)
    __rt_lib_init_fp_1                       0x0000049f   Thumb Code     0  libinit2.o(.ARM.Collect$$libinit$$00000002)
    __rt_lib_init_heap_1                     0x0000049f   Thumb Code     0  libinit2.o(.ARM.Collect$$libinit$$0000000A)
    __rt_lib_init_lc_common                  0x0000049f   Thumb Code     0  libinit2.o(.ARM.Collect$$libinit$$0000000F)
    __rt_lib_init_preinit_1                  0x0000049f   Thumb Code     0  libinit2.o(.ARM.Collect$$libinit$$00000004)
    __rt_lib_init_rand_1                     0x0000049f   Thumb Code     0  libinit2.o(.ARM.Collect$$libinit$$0000000E)
    __rt_lib_init_user_alloc_1               0x0000049f   Thumb Code     0  libinit2.o(.ARM.Collect$$libinit$$0000000C)
    __rt_lib_init_lc_collate_1               0x000004a5   Thumb Code     0  libinit2.o(.ARM.Collect$$libinit$$00000011)
    __rt_lib_init_lc_ctype_1                 0x000004a5   Thumb Code     0  libinit2.o(.ARM.Collect$$libinit$$00000013)
    __rt_lib_init_lc_monetary_1              0x000004a5   Thumb Code     0  libinit2.o(.ARM.Collect$$libinit$$00000015)
    __rt_lib_init_lc_numeric_2               0x000004a5   Thumb Code     0  libinit2.o(.ARM.Collect$$libinit$$00000016)
    __rt_lib_init_alloca_1                   0x000004af   Thumb Code     0  libinit2.o(.ARM.Collect$$libinit$$0000002E)
    __rt_lib_init_argv_1                     0x000004af   Thumb Code     0  libinit2.o(.ARM.Collect$$libinit$$0000002C)
    __rt_lib_init_atexit_1                   0x000004af   Thumb Code     0  libinit2.o(.ARM.Collect$$libinit$$0000001B)
    __rt_lib_init_clock_1                    0x000004af   Thumb Code     0  libinit2.o(.ARM.Collect$$libinit$$00000021)
    __rt_lib_init_cpp_1                      0x000004af   Thumb Code     0  libinit2.o(.ARM.Collect$$libinit$$00000032)
    __rt_lib_init_exceptions_1               0x000004af   Thumb Code     0  libinit2.o(.ARM.Collect$$libinit$$00000030)
    __rt_lib_init_fp_trap_1                  0x000004af   Thumb Code     0  libinit2.o(.ARM.Collect$$libinit$$0000001F)
    __rt_lib_init_getenv_1                   0x000004af   Thumb Code     0  libinit2.o(.ARM.Collect$$libinit$$00000023)
    __rt_lib_init_lc_numeric_1               0x000004af   Thumb Code     0  libinit2.o(.ARM.Collect$$libinit$$00000017)
    __rt_lib_init_lc_time_1                  0x000004af   Thumb Code     0  libinit2.o(.ARM.Collect$$libinit$$00000019)
    __rt_lib_init_return                     0x000004af   Thumb Code     0  libinit2.o(.ARM.Collect$$libinit$$00000033)
    __rt_lib_init_signal_1                   0x000004af   Thumb Code     0  libinit2.o(.ARM.Collect$$libinit$$0000001D)
    __rt_lib_init_stdio_1                    0x000004af   Thumb Code     0  libinit2.o(.ARM.Collect$$libinit$$00000025)
    __rt_lib_shutdown                        0x000004b1   Thumb Code     0  libshutdown.o(.ARM.Collect$$libshutdown$$00000000)
    __rt_lib_shutdown_cpp_1                  0x000004b3   Thumb Code     0  libshutdown2.o(.ARM.Collect$$libshutdown$$00000004)
    __rt_lib_shutdown_fini_1                 0x000004b3   Thumb Code     0  libshutdown2.o(.ARM.Collect$$libshutdown$$00000002)
    __rt_lib_shutdown_fp_trap_1              0x000004b3   Thumb Code     0  libshutdown2.o(.ARM.Collect$$libshutdown$$00000009)
    __rt_lib_shutdown_heap_1                 0x000004b3   Thumb Code     0  libshutdown2.o(.ARM.Collect$$libshutdown$$00000011)
    __rt_lib_shutdown_return                 0x000004b3   Thumb Code     0  libshutdown2.o(.ARM.Collect$$libshutdown$$00000012)
    __rt_lib_shutdown_signal_1               0x000004b3   Thumb Code     0  libshutdown2.o(.ARM.Collect$$libshutdown$$0000000C)
    __rt_lib_shutdown_stdio_1                0x000004b3   Thumb Code     0  libshutdown2.o(.ARM.Collect$$libshutdown$$00000006)
    __rt_lib_shutdown_user_alloc_1           0x000004b3   Thumb Code     0  libshutdown2.o(.ARM.Collect$$libshutdown$$0000000E)
    __rt_entry                               0x000004b5   Thumb Code     0  __rtentry.o(.ARM.Collect$$rtentry$$00000000)
    __rt_entry_presh_1                       0x000004b5   Thumb Code     0  __rtentry2.o(.ARM.Collect$$rtentry$$00000002)
    __rt_entry_sh                            0x000004b5   Thumb Code     0  __rtentry7.o(.ARM.Collect$$rtentry$$00000007)
    __rt_entry_li                            0x000004b9   Thumb Code     0  __rtentry2.o(.ARM.Collect$$rtentry$$0000000A)
    __rt_entry_postsh_1                      0x000004b9   Thumb Code     0  __rtentry2.o(.ARM.Collect$$rtentry$$00000009)
    __rt_entry_main                          0x000004bd   Thumb Code     0  __rtentry2.o(.ARM.Collect$$rtentry$$0000000D)
    __rt_entry_postli_1                      0x000004bd   Thumb Code     0  __rtentry2.o(.ARM.Collect$$rtentry$$0000000C)
    __rt_exit                                0x000004c9   Thumb Code     0  rtexit.o(.ARM.Collect$$rtexit$$00000000)
    __rt_exit_ls                             0x000004cb   Thumb Code     0  rtexit2.o(.ARM.Collect$$rtexit$$00000003)
    __rt_exit_prels_1                        0x000004cb   Thumb Code     0  rtexit2.o(.ARM.Collect$$rtexit$$00000002)
    __rt_exit_exit                           0x000004cf   Thumb Code     0  rtexit2.o(.ARM.Collect$$rtexit$$00000004)
    __aeabi_memcpy4                          0x000004d5   Thumb Code    56  rt_memcpy.o(.emb_text)
    __aeabi_memcpy8                          0x000004d5   Thumb Code     0  rt_memcpy.o(.emb_text)
    Reset_Handler                            0x0000050d   Thumb Code    24  startup_mkl46z4.o(.text)
    NMI_Handler                              0x00000525   Thumb Code     2  startup_mkl46z4.o(.text)
    HardFault_Handler                        0x00000527   Thumb Code     2  startup_mkl46z4.o(.text)
    SVC_Handler                              0x00000529   Thumb Code     2  startup_mkl46z4.o(.text)
    PendSV_Handler                           0x0000052b   Thumb Code     2  startup_mkl46z4.o(.text)
    DMA0_IRQHandler                          0x0000052f   Thumb Code     4  startup_mkl46z4.o(.text)
    DMA1_IRQHandler                          0x00000533   Thumb Code     4  startup_mkl46z4.o(.text)
    DMA2_IRQHandler                          0x00000537   Thumb Code     4  startup_mkl46z4.o(.text)
    DMA3_IRQHandler                          0x0000053b   Thumb Code     4  startup_mkl46z4.o(.text)
    I2C0_IRQHandler                          0x0000053f   Thumb Code     4  startup_mkl46z4.o(.text)
    I2C1_IRQHandler                          0x00000543   Thumb Code     4  startup_mkl46z4.o(.text)
    SPI0_IRQHandler                          0x00000547   Thumb Code     4  startup_mkl46z4.o(.text)
    SPI1_IRQHandler                          0x0000054b   Thumb Code     4  startup_mkl46z4.o(.text)
    UART0_IRQHandler                         0x0000054f   Thumb Code     4  startup_mkl46z4.o(.text)
    UART1_IRQHandler                         0x00000553   Thumb Code     4  startup_mkl46z4.o(.text)
    UART2_IRQHandler                         0x00000557   Thumb Code     4  startup_mkl46z4.o(.text)
    I2S0_IRQHandler                          0x0000055b   Thumb Code     4  startup_mkl46z4.o(.text)
    ADC0_IRQHandler                          0x0000055f   Thumb Code     0  startup_mkl46z4.o(.text)
    CMP0_IRQHandler                          0x0000055f   Thumb Code     0  startup_mkl46z4.o(.text)
    DAC0_IRQHandler                          0x0000055f   Thumb Code     0  startup_mkl46z4.o(.text)
    DMA0_DriverIRQHandler                    0x0000055f   Thumb Code     0  startup_mkl46z4.o(.text)
    DMA1_DriverIRQHandler                    0x0000055f   Thumb Code     0  startup_mkl46z4.o(.text)
    DMA2_DriverIRQHandler                    0x0000055f   Thumb Code     0  startup_mkl46z4.o(.text)
    DMA3_DriverIRQHandler                    0x0000055f   Thumb Code     0  startup_mkl46z4.o(.text)
    DefaultISR                               0x0000055f   Thumb Code     0  startup_mkl46z4.o(.text)
    FTFA_IRQHandler                          0x0000055f   Thumb Code     0  startup_mkl46z4.o(.text)
    I2C0_DriverIRQHandler                    0x0000055f   Thumb Code     0  startup_mkl46z4.o(.text)
    I2C1_DriverIRQHandler                    0x0000055f   Thumb Code     0  startup_mkl46z4.o(.text)
    I2S0_DriverIRQHandler                    0x0000055f   Thumb Code     0  startup_mkl46z4.o(.text)
    LCD_IRQHandler                           0x0000055f   Thumb Code     0  startup_mkl46z4.o(.text)
    LLWU_IRQHandler                          0x0000055f   Thumb Code     0  startup_mkl46z4.o(.text)
    LPTMR0_IRQHandler                        0x0000055f   Thumb Code     0  startup_mkl46z4.o(.text)
    LVD_LVW_IRQHandler                       0x0000055f   Thumb Code     0  startup_mkl46z4.o(.text)
    MCG_IRQHandler                           0x0000055f   Thumb Code     0  startup_mkl46z4.o(.text)
    PIT_IRQHandler                           0x0000055f   Thumb Code     0  startup_mkl46z4.o(.text)
    PORTA_IRQHandler                         0x0000055f   Thumb Code     0  startup_mkl46z4.o(.text)
    PORTC_PORTD_IRQHandler                   0x0000055f   Thumb Code     0  startup_mkl46z4.o(.text)
    RTC_IRQHandler                           0x0000055f   Thumb Code     0  startup_mkl46z4.o(.text)
    RTC_Seconds_IRQHandler                   0x0000055f   Thumb Code     0  startup_mkl46z4.o(.text)
    Reserved20_IRQHandler                    0x0000055f   Thumb Code     0  startup_mkl46z4.o(.text)
    SPI0_DriverIRQHandler                    0x0000055f   Thumb Code     0  startup_mkl46z4.o(.text)
    SPI1_DriverIRQHandler                    0x0000055f   Thumb Code     0  startup_mkl46z4.o(.text)
    TPM0_IRQHandler                          0x0000055f   Thumb Code     0  startup_mkl46z4.o(.text)
    TPM1_IRQHandler                          0x0000055f   Thumb Code     0  startup_mkl46z4.o(.text)
    TPM2_IRQHandler                          0x0000055f   Thumb Code     0  startup_mkl46z4.o(.text)
    TSI0_IRQHandler                          0x0000055f   Thumb Code     0  startup_mkl46z4.o(.text)
    UART0_DriverIRQHandler                   0x0000055f   Thumb Code     0  startup_mkl46z4.o(.text)
    UART1_DriverIRQHandler                   0x0000055f   Thumb Code     0  startup_mkl46z4.o(.text)
    UART2_DriverIRQHandler                   0x0000055f   Thumb Code     0  startup_mkl46z4.o(.text)
    USB0_IRQHandler                          0x0000055f   Thumb Code     0  startup_mkl46z4.o(.text)
    __2sprintf                               0x000005a9   Thumb Code    36  noretval__2sprintf.o(.text)
    __printf                                 0x000005d1   Thumb Code   270  __printf_wp.o(.text)
    __aeabi_memcpy                           0x000006df   Thumb Code   130  rt_memcpy.o(.text)
    __rt_memcpy                              0x000006df   Thumb Code     0  rt_memcpy.o(.text)
    __aeabi_uidiv                            0x00000761   Thumb Code     0  aeabi_sdiv.o(.text)
    __aeabi_uidivmod                         0x00000761   Thumb Code    20  aeabi_sdiv.o(.text)
    __aeabi_idiv                             0x00000775   Thumb Code     0  aeabi_sdiv.o(.text)
    __aeabi_idivmod                          0x00000775   Thumb Code   326  aeabi_sdiv.o(.text)
    __aeabi_d2f                              0x000008bd   Thumb Code     0  d2f.o(.text)
    _d2f                                     0x000008bd   Thumb Code   120  d2f.o(.text)
    __aeabi_i2d_normalise                    0x00000939   Thumb Code    66  dflti.o(.text)
    __aeabi_i2d                              0x0000097b   Thumb Code    16  dflti.o(.text)
    _dflt                                    0x0000097b   Thumb Code     0  dflti.o(.text)
    __aeabi_ui2d                             0x0000098b   Thumb Code     6  dflti.o(.text)
    _dfltu                                   0x0000098b   Thumb Code     0  dflti.o(.text)
    __aeabi_dmul                             0x00000991   Thumb Code     0  dmul.o(.text)
    _dmul                                    0x00000991   Thumb Code   558  dmul.o(.text)
    __aeabi_f2d                              0x00000bd9   Thumb Code     0  f2d.o(.text)
    _f2d                                     0x00000bd9   Thumb Code    80  f2d.o(.text)
    __read_errno                             0x00000c2d   Thumb Code    10  _rserrno.o(.text)
    __set_errno                              0x00000c37   Thumb Code    12  _rserrno.o(.text)
    __lib_sel_fp_printf                      0x00000c45   Thumb Code     2  _printf_fp_dec.o(.text)
    _printf_fp_dec_real                      0x00000de3   Thumb Code   620  _printf_fp_dec.o(.text)
    _printf_char_common                      0x00001067   Thumb Code    32  _printf_char_common.o(.text)
    _sputc                                   0x0000108d   Thumb Code    10  _sputc.o(.text)
    __rt_udiv10                              0x00001097   Thumb Code    40  rtudiv10.o(.text)
    __aeabi_dadd                             0x000013b9   Thumb Code     0  daddsub.o(.text)
    _dadd                                    0x000013b9   Thumb Code    26  daddsub.o(.text)
    __aeabi_dsub                             0x000013d3   Thumb Code     0  daddsub.o(.text)
    _dsub                                    0x000013d3   Thumb Code    22  daddsub.o(.text)
    __aeabi_drsub                            0x000013e9   Thumb Code     0  daddsub.o(.text)
    _drsb                                    0x000013e9   Thumb Code    28  daddsub.o(.text)
    __aeabi_ddiv                             0x00001419   Thumb Code     0  ddiv.o(.text)
    _ddiv                                    0x00001419   Thumb Code  1072  ddiv.o(.text)
    _drdiv                                   0x00001849   Thumb Code    20  ddiv.o(.text)
    __rt_locale                              0x00001861   Thumb Code     8  rt_locale_intlibspace.o(.text)
    __aeabi_errno_addr                       0x00001869   Thumb Code     8  rt_errno_addr_intlibspace.o(.text)
    __errno$intlibspace                      0x00001869   Thumb Code     0  rt_errno_addr_intlibspace.o(.text)
    __rt_errno_addr$intlibspace              0x00001869   Thumb Code     0  rt_errno_addr_intlibspace.o(.text)
    _ll_udiv10                               0x00001871   Thumb Code   122  lludiv10.o(.text)
    _printf_fp_infnan                        0x000018ed   Thumb Code   120  _printf_fp_infnan.o(.text)
    _btod_etento                             0x00001975   Thumb Code   210  bigflt0.o(.text)
    _btod_d2e                                0x00001a4d   Thumb Code    64  btod.o(.text)
    _btod_emul                               0x00001e81   Thumb Code    28  btod.o(.text)
    _btod_emuld                              0x00001e9d   Thumb Code   144  btod.o(.text)
    _btod_ediv                               0x00001f2d   Thumb Code    26  btod.o(.text)
    _btod_edivd                              0x00001f47   Thumb Code   124  btod.o(.text)
    __fpl_dcmp_InfNaN                        0x00001fcd   Thumb Code   140  dcmpin.o(.text)
    __ARM_scalbn                             0x0000205d   Thumb Code    84  dscalbn.o(.text)
    exit                                     0x000020bd   Thumb Code    16  exit.o(.text)
    strcmp                                   0x000020cd   Thumb Code   132  strcmp.o(.text)
    __fpl_cmpreturn                          0x00002155   Thumb Code    46  cmpret.o(.text)
    __fpl_dcheck_NaN2                        0x00002185   Thumb Code    14  dnan2.o(.text)
    __fpl_return_NaN                         0x00002199   Thumb Code    94  retnan.o(.text)
    _sys_exit                                0x000021f9   Thumb Code     8  sys_exit.o(.text)
    __I$use$semihosting                      0x00002205   Thumb Code     0  use_no_semi.o(.text)
    __use_no_semihosting_swi                 0x00002205   Thumb Code     2  use_no_semi.o(.text)
    __semihosting_library_function           0x00002207   Thumb Code     0  indicate_semi.o(.text)
    Delay                                    0x00002209   Thumb Code    18  delay.o(i.Delay)
    I2C_init                                 0x00002221   Thumb Code    92  i2c.o(i.I2C_init)
    I2C_read                                 0x00002289   Thumb Code   216  i2c.o(i.I2C_read)
    I2C_write                                0x00002365   Thumb Code   122  i2c.o(i.I2C_write)
    Init_Systick                             0x000023e5   Thumb Code    42  delay.o(i.Init_Systick)
    SysTick_Handler                          0x00002419   Thumb Code    12  delay.o(i.SysTick_Handler)
    SystemInit                               0x00002429   Thumb Code    14  system_mkl46z4.o(i.SystemInit)
    SystemInitHook                           0x0000243d   Thumb Code     2  system_mkl46z4.o(i.SystemInitHook)
    UART_Init                                0x00002441   Thumb Code   202  uart.o(i.UART_Init)
    UART_SendChar                            0x0000251d   Thumb Code    20  uart.o(i.UART_SendChar)
    UART_SendFloat                           0x00002535   Thumb Code    36  uart.o(i.UART_SendFloat)
    UART_SendString                          0x00002561   Thumb Code    22  uart.o(i.UART_SendString)
    __ARM_common_ll_muluu                    0x00002577   Thumb Code    48  btod.o(i.__ARM_common_ll_muluu)
    __ARM_fpclassify                         0x000025a9   Thumb Code    40  fpclassify.o(i.__ARM_fpclassify)
    __kernel_poly                            0x0000264d   Thumb Code   172  poly.o(i.__kernel_poly)
    __mathlib_dbl_infnan                     0x000026f9   Thumb Code    10  dunder.o(i.__mathlib_dbl_infnan)
    __mathlib_dbl_infnan2                    0x00002703   Thumb Code     8  dunder.o(i.__mathlib_dbl_infnan2)
    __mathlib_dbl_underflow                  0x0000270d   Thumb Code    14  dunder.o(i.__mathlib_dbl_underflow)
    _is_digit                                0x00002721   Thumb Code    14  __printf_wp.o(i._is_digit)
    atan                                     0x00002731   Thumb Code   472  atan.o(i.atan)
    atan2                                    0x0000294d   Thumb Code   372  atan2.o(i.atan2)
    mag_Init                                 0x00002ae9   Thumb Code    18  mag.o(i.mag_Init)
    mag_read                                 0x00002afb   Thumb Code   148  mag.o(i.mag_read)
    main                                     0x00002b91   Thumb Code   122  main.o(i.main)
    _get_lc_numeric                          0x00002c19   Thumb Code    44  lc_numeric_c.o(locale$$code)
    __aeabi_cdcmpeq                          0x00002c45   Thumb Code     0  deqf.o(x$fpl$deqf)
    _dcmpeq                                  0x00002c45   Thumb Code    94  deqf.o(x$fpl$deqf)
    _printf_fp_dec                           0x00002ca9   Thumb Code    16  printf1.o(x$fpl$printf1)
    __I$use$fp                               0x00002cb8   Number         0  usenofp.o(x$fpl$usenofp)
    __mathlib_zero                           0x00002dd0   Data           8  qnan.o(.constdata)
    Region$$Table$$Base                      0x00002e6c   Number         0  anon$$obj.o(Region$$Table)
    Region$$Table$$Limit                     0x00002e8c   Number         0  anon$$obj.o(Region$$Table)
    msTicks                                  0x1fffe000   Data           4  delay.o(.data)
    SystemCoreClock                          0x1fffe004   Data           4  system_mkl46z4.o(.data)
    __libspace_start                         0x1fffe008   Data          96  libspace.o(.bss)
    Image$$ARM_LIB_HEAP$$ZI$$Base            0x1fffe068   Number         0  anon$$obj.o ABSOLUTE
    __temporary_stack_top$libspace           0x1fffe068   Data           0  libspace.o(.bss)
    Image$$ARM_LIB_HEAP$$ZI$$Limit           0x1fffe468   Number         0  anon$$obj.o ABSOLUTE
    Image$$ARM_LIB_STACK$$ZI$$Limit          0x20006000   Number         0  anon$$obj.o ABSOLUTE



==============================================================================

Memory Map of the image

  Image Entry point : 0x0000050d

  Load Region LR_m_text (Base: 0x00000000, Size: 0x00002eb0, Max: 0x00040000, ABSOLUTE)

    Execution Region VECTOR_ROM (Exec base: 0x00000000, Load base: 0x00000000, Size: 0x000000c0, Max: 0x00000200, ABSOLUTE)

    Exec Addr    Load Addr    Size         Type   Attr      Idx    E Section Name        Object

    0x00000000   0x00000000   0x000000c0   Data   RO          280    RESET               startup_mkl46z4.o


    Execution Region ER_m_flash_config (Exec base: 0x00000400, Load base: 0x00000400, Size: 0x00000010, Max: 0x00000010, ABSOLUTE, FIXED)

    Exec Addr    Load Addr    Size         Type   Attr      Idx    E Section Name        Object

    0x00000400   0x00000400   0x00000010   Data   RO          281    FlashConfig         startup_mkl46z4.o


    Execution Region ER_m_text (Exec base: 0x00000410, Load base: 0x00000410, Size: 0x00002a98, Max: 0x0003fbf0, ABSOLUTE)

    Exec Addr    Load Addr    Size         Type   Attr      Idx    E Section Name        Object

    0x00000410   0x00000410   0x00000008   Code   RO          380  * !!!main             c_p.l(__main.o)
    0x00000418   0x00000418   0x0000003c   Code   RO          670    !!!scatter          c_p.l(__scatter.o)
    0x00000454   0x00000454   0x0000001a   Code   RO          672    !!handler_copy      c_p.l(__scatter_copy.o)
    0x0000046e   0x0000046e   0x00000002   PAD
    0x00000470   0x00000470   0x0000001c   Code   RO          674    !!handler_zi        c_p.l(__scatter_zi.o)
    0x0000048c   0x0000048c   0x00000002   Code   RO          371    .ARM.Collect$$_printf_percent$$00000000  c_p.l(_printf_percent.o)
    0x0000048e   0x0000048e   0x0000000a   Code   RO          370    .ARM.Collect$$_printf_percent$$00000003  c_p.l(_printf_f.o)
    0x00000498   0x00000498   0x00000004   Code   RO          415    .ARM.Collect$$_printf_percent$$00000017  c_p.l(_printf_percent_end.o)
    0x0000049c   0x0000049c   0x00000002   Code   RO          528    .ARM.Collect$$libinit$$00000000  c_p.l(libinit.o)
    0x0000049e   0x0000049e   0x00000000   Code   RO          530    .ARM.Collect$$libinit$$00000002  c_p.l(libinit2.o)
    0x0000049e   0x0000049e   0x00000000   Code   RO          532    .ARM.Collect$$libinit$$00000004  c_p.l(libinit2.o)
    0x0000049e   0x0000049e   0x00000000   Code   RO          535    .ARM.Collect$$libinit$$0000000A  c_p.l(libinit2.o)
    0x0000049e   0x0000049e   0x00000000   Code   RO          537    .ARM.Collect$$libinit$$0000000C  c_p.l(libinit2.o)
    0x0000049e   0x0000049e   0x00000000   Code   RO          539    .ARM.Collect$$libinit$$0000000E  c_p.l(libinit2.o)
    0x0000049e   0x0000049e   0x00000006   Code   RO          540    .ARM.Collect$$libinit$$0000000F  c_p.l(libinit2.o)
    0x000004a4   0x000004a4   0x00000000   Code   RO          542    .ARM.Collect$$libinit$$00000011  c_p.l(libinit2.o)
    0x000004a4   0x000004a4   0x00000000   Code   RO          544    .ARM.Collect$$libinit$$00000013  c_p.l(libinit2.o)
    0x000004a4   0x000004a4   0x00000000   Code   RO          546    .ARM.Collect$$libinit$$00000015  c_p.l(libinit2.o)
    0x000004a4   0x000004a4   0x0000000a   Code   RO          547    .ARM.Collect$$libinit$$00000016  c_p.l(libinit2.o)
    0x000004ae   0x000004ae   0x00000000   Code   RO          548    .ARM.Collect$$libinit$$00000017  c_p.l(libinit2.o)
    0x000004ae   0x000004ae   0x00000000   Code   RO          550    .ARM.Collect$$libinit$$00000019  c_p.l(libinit2.o)
    0x000004ae   0x000004ae   0x00000000   Code   RO          552    .ARM.Collect$$libinit$$0000001B  c_p.l(libinit2.o)
    0x000004ae   0x000004ae   0x00000000   Code   RO          554    .ARM.Collect$$libinit$$0000001D  c_p.l(libinit2.o)
    0x000004ae   0x000004ae   0x00000000   Code   RO          556    .ARM.Collect$$libinit$$0000001F  c_p.l(libinit2.o)
    0x000004ae   0x000004ae   0x00000000   Code   RO          558    .ARM.Collect$$libinit$$00000021  c_p.l(libinit2.o)
    0x000004ae   0x000004ae   0x00000000   Code   RO          560    .ARM.Collect$$libinit$$00000023  c_p.l(libinit2.o)
    0x000004ae   0x000004ae   0x00000000   Code   RO          562    .ARM.Collect$$libinit$$00000025  c_p.l(libinit2.o)
    0x000004ae   0x000004ae   0x00000000   Code   RO          566    .ARM.Collect$$libinit$$0000002C  c_p.l(libinit2.o)
    0x000004ae   0x000004ae   0x00000000   Code   RO          568    .ARM.Collect$$libinit$$0000002E  c_p.l(libinit2.o)
    0x000004ae   0x000004ae   0x00000000   Code   RO          570    .ARM.Collect$$libinit$$00000030  c_p.l(libinit2.o)
    0x000004ae   0x000004ae   0x00000000   Code   RO          572    .ARM.Collect$$libinit$$00000032  c_p.l(libinit2.o)
    0x000004ae   0x000004ae   0x00000002   Code   RO          573    .ARM.Collect$$libinit$$00000033  c_p.l(libinit2.o)
    0x000004b0   0x000004b0   0x00000002   Code   RO          633    .ARM.Collect$$libshutdown$$00000000  c_p.l(libshutdown.o)
    0x000004b2   0x000004b2   0x00000000   Code   RO          651    .ARM.Collect$$libshutdown$$00000002  c_p.l(libshutdown2.o)
    0x000004b2   0x000004b2   0x00000000   Code   RO          653    .ARM.Collect$$libshutdown$$00000004  c_p.l(libshutdown2.o)
    0x000004b2   0x000004b2   0x00000000   Code   RO          655    .ARM.Collect$$libshutdown$$00000006  c_p.l(libshutdown2.o)
    0x000004b2   0x000004b2   0x00000000   Code   RO          658    .ARM.Collect$$libshutdown$$00000009  c_p.l(libshutdown2.o)
    0x000004b2   0x000004b2   0x00000000   Code   RO          661    .ARM.Collect$$libshutdown$$0000000C  c_p.l(libshutdown2.o)
    0x000004b2   0x000004b2   0x00000000   Code   RO          663    .ARM.Collect$$libshutdown$$0000000E  c_p.l(libshutdown2.o)
    0x000004b2   0x000004b2   0x00000000   Code   RO          666    .ARM.Collect$$libshutdown$$00000011  c_p.l(libshutdown2.o)
    0x000004b2   0x000004b2   0x00000002   Code   RO          667    .ARM.Collect$$libshutdown$$00000012  c_p.l(libshutdown2.o)
    0x000004b4   0x000004b4   0x00000000   Code   RO          400    .ARM.Collect$$rtentry$$00000000  c_p.l(__rtentry.o)
    0x000004b4   0x000004b4   0x00000000   Code   RO          452    .ARM.Collect$$rtentry$$00000002  c_p.l(__rtentry2.o)
    0x000004b4   0x000004b4   0x00000004   Code   RO          466    .ARM.Collect$$rtentry$$00000007  c_p.l(__rtentry7.o)
    0x000004b8   0x000004b8   0x00000000   Code   RO          454    .ARM.Collect$$rtentry$$00000009  c_p.l(__rtentry2.o)
    0x000004b8   0x000004b8   0x00000004   Code   RO          455    .ARM.Collect$$rtentry$$0000000A  c_p.l(__rtentry2.o)
    0x000004bc   0x000004bc   0x00000000   Code   RO          457    .ARM.Collect$$rtentry$$0000000C  c_p.l(__rtentry2.o)
    0x000004bc   0x000004bc   0x00000008   Code   RO          458    .ARM.Collect$$rtentry$$0000000D  c_p.l(__rtentry2.o)
    0x000004c4   0x000004c4   0x00000004   Code   RO          467    .ARM.Collect$$rtentry$$00002718  c_p.l(__rtentry7.o)
    0x000004c8   0x000004c8   0x00000002   Code   RO          581    .ARM.Collect$$rtexit$$00000000  c_p.l(rtexit.o)
    0x000004ca   0x000004ca   0x00000000   Code   RO          605    .ARM.Collect$$rtexit$$00000002  c_p.l(rtexit2.o)
    0x000004ca   0x000004ca   0x00000004   Code   RO          606    .ARM.Collect$$rtexit$$00000003  c_p.l(rtexit2.o)
    0x000004ce   0x000004ce   0x00000006   Code   RO          607    .ARM.Collect$$rtexit$$00000004  c_p.l(rtexit2.o)
    0x000004d4   0x000004d4   0x00000038   Code   RO          372    .emb_text           c_p.l(rt_memcpy.o)
    0x0000050c   0x0000050c   0x0000009c   Code   RO          282  * .text               startup_mkl46z4.o
    0x000005a8   0x000005a8   0x00000028   Code   RO          342    .text               c_p.l(noretval__2sprintf.o)
    0x000005d0   0x000005d0   0x0000010e   Code   RO          356    .text               c_p.l(__printf_wp.o)
    0x000006de   0x000006de   0x00000082   Code   RO          373    .text               c_p.l(rt_memcpy.o)
    0x00000760   0x00000760   0x0000015a   Code   RO          376    .text               c_p.l(aeabi_sdiv.o)
    0x000008ba   0x000008ba   0x00000002   PAD
    0x000008bc   0x000008bc   0x0000007c   Code   RO          382    .text               fz_ps.l(d2f.o)
    0x00000938   0x00000938   0x00000058   Code   RO          384    .text               fz_ps.l(dflti.o)
    0x00000990   0x00000990   0x00000248   Code   RO          386    .text               fz_ps.l(dmul.o)
    0x00000bd8   0x00000bd8   0x00000054   Code   RO          388    .text               fz_ps.l(f2d.o)
    0x00000c2c   0x00000c2c   0x00000016   Code   RO          405    .text               c_p.l(_rserrno.o)
    0x00000c42   0x00000c42   0x00000002   PAD
    0x00000c44   0x00000c44   0x00000418   Code   RO          409    .text               c_p.l(_printf_fp_dec.o)
    0x0000105c   0x0000105c   0x00000030   Code   RO          411    .text               c_p.l(_printf_char_common.o)
    0x0000108c   0x0000108c   0x0000000a   Code   RO          413    .text               c_p.l(_sputc.o)
    0x00001096   0x00001096   0x00000028   Code   RO          416    .text               c_p.l(rtudiv10.o)
    0x000010be   0x000010be   0x00000002   PAD
    0x000010c0   0x000010c0   0x00000358   Code   RO          418    .text               fz_ps.l(daddsub.o)
    0x00001418   0x00001418   0x00000448   Code   RO          420    .text               fz_ps.l(ddiv.o)
    0x00001860   0x00001860   0x00000008   Code   RO          476    .text               c_p.l(rt_locale_intlibspace.o)
    0x00001868   0x00001868   0x00000008   Code   RO          481    .text               c_p.l(rt_errno_addr_intlibspace.o)
    0x00001870   0x00001870   0x0000007a   Code   RO          483    .text               c_p.l(lludiv10.o)
    0x000018ea   0x000018ea   0x00000002   PAD
    0x000018ec   0x000018ec   0x00000088   Code   RO          485    .text               c_p.l(_printf_fp_infnan.o)
    0x00001974   0x00001974   0x000000d8   Code   RO          489    .text               c_p.l(bigflt0.o)
    0x00001a4c   0x00001a4c   0x00000580   Code   RO          492    .text               c_p.l(btod.o)
    0x00001fcc   0x00001fcc   0x00000090   Code   RO          499    .text               fz_ps.l(dcmpin.o)
    0x0000205c   0x0000205c   0x00000060   Code   RO          501    .text               fz_ps.l(dscalbn.o)
    0x000020bc   0x000020bc   0x00000010   Code   RO          515    .text               c_p.l(exit.o)
    0x000020cc   0x000020cc   0x00000088   Code   RO          521    .text               c_p.l(strcmp.o)
    0x00002154   0x00002154   0x0000002e   Code   RO          574    .text               fz_ps.l(cmpret.o)
    0x00002182   0x00002182   0x00000002   PAD
    0x00002184   0x00002184   0x00000014   Code   RO          576    .text               fz_ps.l(dnan2.o)
    0x00002198   0x00002198   0x0000005e   Code   RO          597    .text               fz_ps.l(retnan.o)
    0x000021f6   0x000021f6   0x00000002   PAD
    0x000021f8   0x000021f8   0x0000000c   Code   RO          599    .text               c_p.l(sys_exit.o)
    0x00002204   0x00002204   0x00000002   Code   RO          601    .text               c_p.l(use_no_semi.o)
    0x00002206   0x00002206   0x00000000   Code   RO          603    .text               c_p.l(indicate_semi.o)
    0x00002206   0x00002206   0x00000002   PAD
    0x00002208   0x00002208   0x00000018   Code   RO           65    i.Delay             delay.o
    0x00002220   0x00002220   0x00000068   Code   RO            5    i.I2C_init          i2c.o
    0x00002288   0x00002288   0x000000dc   Code   RO            6    i.I2C_read          i2c.o
    0x00002364   0x00002364   0x00000080   Code   RO            7    i.I2C_write         i2c.o
    0x000023e4   0x000023e4   0x00000034   Code   RO           66    i.Init_Systick      delay.o
    0x00002418   0x00002418   0x00000010   Code   RO           68    i.SysTick_Handler   delay.o
    0x00002428   0x00002428   0x00000014   Code   RO          289    i.SystemInit        system_mkl46z4.o
    0x0000243c   0x0000243c   0x00000002   Code   RO          290    i.SystemInitHook    system_mkl46z4.o
    0x0000243e   0x0000243e   0x00000002   PAD
    0x00002440   0x00002440   0x000000dc   Code   RO          117    i.UART_Init         uart.o
    0x0000251c   0x0000251c   0x00000018   Code   RO          118    i.UART_SendChar     uart.o
    0x00002534   0x00002534   0x0000002c   Code   RO          119    i.UART_SendFloat    uart.o
    0x00002560   0x00002560   0x00000016   Code   RO          121    i.UART_SendString   uart.o
    0x00002576   0x00002576   0x00000030   Code   RO          494    i.__ARM_common_ll_muluu  c_p.l(btod.o)
    0x000025a6   0x000025a6   0x00000002   PAD
    0x000025a8   0x000025a8   0x0000002c   Code   RO          505    i.__ARM_fpclassify  m_ps.l(fpclassify.o)
    0x000025d4   0x000025d4   0x00000078   Code   RO           69    i.__NVIC_SetPriority  delay.o
    0x0000264c   0x0000264c   0x000000ac   Code   RO          507    i.__kernel_poly     m_ps.l(poly.o)
    0x000026f8   0x000026f8   0x0000000a   Code   RO          437    i.__mathlib_dbl_infnan  m_ps.l(dunder.o)
    0x00002702   0x00002702   0x00000008   Code   RO          438    i.__mathlib_dbl_infnan2  m_ps.l(dunder.o)
    0x0000270a   0x0000270a   0x00000002   PAD
    0x0000270c   0x0000270c   0x00000014   Code   RO          442    i.__mathlib_dbl_underflow  m_ps.l(dunder.o)
    0x00002720   0x00002720   0x0000000e   Code   RO          358    i._is_digit         c_p.l(__printf_wp.o)
    0x0000272e   0x0000272e   0x00000002   PAD
    0x00002730   0x00002730   0x0000021c   Code   RO          427    i.atan              m_ps.l(atan.o)
    0x0000294c   0x0000294c   0x0000019c   Code   RO          393    i.atan2             m_ps.l(atan2.o)
    0x00002ae8   0x00002ae8   0x00000012   Code   RO          201    i.mag_Init          mag.o
    0x00002afa   0x00002afa   0x00000094   Code   RO          202    i.mag_read          mag.o
    0x00002b8e   0x00002b8e   0x00000002   PAD
    0x00002b90   0x00002b90   0x00000088   Code   RO          174    i.main              main.o
    0x00002c18   0x00002c18   0x0000002c   Code   RO          497    locale$$code        c_p.l(lc_numeric_c.o)
    0x00002c44   0x00002c44   0x00000064   Code   RO          423    x$fpl$deqf          fz_ps.l(deqf.o)
    0x00002ca8   0x00002ca8   0x00000010   Code   RO          390    x$fpl$printf1       fz_ps.l(printf1.o)
    0x00002cb8   0x00002cb8   0x00000000   Code   RO          425    x$fpl$usenofp       fz_ps.l(usenofp.o)
    0x00002cb8   0x00002cb8   0x00000080   Data   RO          421    .constdata          fz_ps.l(ddiv.o)
    0x00002d38   0x00002d38   0x00000098   Data   RO          428    .constdata          m_ps.l(atan.o)
    0x00002dd0   0x00002dd0   0x00000008   Data   RO          450    .constdata          m_ps.l(qnan.o)
    0x00002dd8   0x00002dd8   0x00000094   Data   RO          490    .constdata          c_p.l(bigflt0.o)
    0x00002e6c   0x00002e6c   0x00000020   Data   RO          668    Region$$Table       anon$$obj.o
    0x00002e8c   0x00002e8c   0x0000001c   Data   RO          496    locale$$data        c_p.l(lc_numeric_c.o)


    Execution Region RW_m_data (Exec base: 0x1fffe000, Load base: 0x00002ea8, Size: 0x00000068, Max: 0x00007800, ABSOLUTE)

    Exec Addr    Load Addr    Size         Type   Attr      Idx    E Section Name        Object

    0x1fffe000   0x00002ea8   0x00000004   Data   RW           70    .data               delay.o
    0x1fffe004   0x00002eac   0x00000004   Data   RW          291    .data               system_mkl46z4.o
    0x1fffe008        -       0x00000060   Zero   RW          510    .bss                c_p.l(libspace.o)


    Execution Region ARM_LIB_HEAP (Exec base: 0x1fffe068, Load base: 0x00002eb0, Size: 0x00000400, Max: 0x00000400, ABSOLUTE)

    Exec Addr    Load Addr    Size         Type   Attr      Idx    E Section Name        Object

    0x1fffe068        -       0x00000400   Zero   RW            1    ARM_LIB_HEAP.bss    anon$$obj.o


    Execution Region ARM_LIB_STACK (Exec base: 0x20005c00, Load base: 0x00002eb0, Size: 0x00000400, Max: 0x00000400, ABSOLUTE)

    Exec Addr    Load Addr    Size         Type   Attr      Idx    E Section Name        Object

    0x20005c00        -       0x00000400   Zero   RW            2    ARM_LIB_STACK.bss   anon$$obj.o


==============================================================================

Image component sizes


      Code (inc. data)   RO Data    RW Data    ZI Data      Debug   Object Name

       212         30          0          4          0      10091   delay.o
       452         22          0          0          0     280826   i2c.o
       166          0          0          0          0       1474   mag.o
       136         14          0          0          0        803   main.o
       156         70        208          0          0       1148   startup_mkl46z4.o
        22          6          0          4          0       1068   system_mkl46z4.o
       310         30          0          0          0       1767   uart.o

    ----------------------------------------------------------------------
      1458        172        240          8       2048     297177   Object Totals
         0          0         32          0       2048          0   (incl. Generated)
         4          0          0          0          0          0   (incl. Padding)

    ----------------------------------------------------------------------

      Code (inc. data)   RO Data    RW Data    ZI Data      Debug   Library Member Name

         8          0          0          0          0         68   __main.o
       284          0          0          0          0        136   __printf_wp.o
         0          0          0          0          0          0   __rtentry.o
        12          0          0          0          0          0   __rtentry2.o
         8          4          0          0          0          0   __rtentry7.o
        60          8          0          0          0          0   __scatter.o
        26          0          0          0          0          0   __scatter_copy.o
        28          0          0          0          0          0   __scatter_zi.o
        48          6          0          0          0         88   _printf_char_common.o
        10          0          0          0          0          0   _printf_f.o
      1048         14          0          0          0        176   _printf_fp_dec.o
       136         16          0          0          0         76   _printf_fp_infnan.o
         2          0          0          0          0          0   _printf_percent.o
         4          0          0          0          0          0   _printf_percent_end.o
        22          0          0          0          0         92   _rserrno.o
        10          0          0          0          0         60   _sputc.o
       346          0          0          0          0         92   aeabi_sdiv.o
       216          6        148          0          0         80   bigflt0.o
      1456         30          0          0          0        336   btod.o
        16          0          0          0          0         68   exit.o
         0          0          0          0          0          0   indicate_semi.o
        44         10         28          0          0         76   lc_numeric_c.o
         2          0          0          0          0          0   libinit.o
        18          0          0          0          0          0   libinit2.o
         2          0          0          0          0          0   libshutdown.o
         2          0          0          0          0          0   libshutdown2.o
         0          0          0          0         96          0   libspace.o
       122          0          0          0          0         72   lludiv10.o
        40          4          0          0          0         84   noretval__2sprintf.o
         8          4          0          0          0         68   rt_errno_addr_intlibspace.o
         8          4          0          0          0         68   rt_locale_intlibspace.o
       186          0          0          0          0        144   rt_memcpy.o
         2          0          0          0          0          0   rtexit.o
        10          0          0          0          0          0   rtexit2.o
        40          0          0          0          0         60   rtudiv10.o
       136          4          0          0          0         72   strcmp.o
        12          4          0          0          0         60   sys_exit.o
         2          0          0          0          0         68   use_no_semi.o
        46          0          0          0          0         60   cmpret.o
       124          4          0          0          0         72   d2f.o
       856         20          0          0          0        208   daddsub.o
       144          4          0          0          0         76   dcmpin.o
      1096         26        128          0          0        112   ddiv.o
       100          4          0          0          0         92   deqf.o
        88          0          0          0          0         92   dflti.o
       584         26          0          0          0         84   dmul.o
        20          6          0          0          0         68   dnan2.o
        96         12          0          0          0         72   dscalbn.o
        84          4          0          0          0         60   f2d.o
        16          4          0          0          0         76   printf1.o
        94          0          0          0          0         68   retnan.o
         0          0          0          0          0          0   usenofp.o
       540         68        152          0          0        112   atan.o
       412         40          0          0          0        144   atan2.o
        38          6          0          0          0        204   dunder.o
        44          4          0          0          0         60   fpclassify.o
       172          0          0          0          0         76   poly.o
         0          0          8          0          0          0   qnan.o

    ----------------------------------------------------------------------
      8950        342        464          0         96       3780   Library Totals
        22          0          0          0          0          0   (incl. Padding)

    ----------------------------------------------------------------------

      Code (inc. data)   RO Data    RW Data    ZI Data      Debug   Library Name

      4374        114        176          0         96       2044   c_p.l
      3348        110        128          0          0       1140   fz_ps.l
      1206        118        160          0          0        596   m_ps.l

    ----------------------------------------------------------------------
      8950        342        464          0         96       3780   Library Totals

    ----------------------------------------------------------------------

==============================================================================


      Code (inc. data)   RO Data    RW Data    ZI Data      Debug   

     10408        514        704          8       2144     298581   Grand Totals
     10408        514        704          8       2144     298581   ELF Image Totals
     10408        514        704          8          0          0   ROM Totals

==============================================================================

    Total RO  Size (Code + RO Data)                11112 (  10.85kB)
    Total RW  Size (RW Data + ZI Data)              2152 (   2.10kB)
    Total ROM Size (Code + RO Data + RW Data)      11120 (  10.86kB)

==============================================================================

